Archive member included to satisfy reference by file (symbol)

/opt/st/stm32cubeide_1.11.0/plugins/com.st.stm32cube.ide.mcu.externaltools.gnu-tools-for-stm32.10.3-2021.10.linux64_1.0.100.202210260954/tools/bin/../lib/gcc/arm-none-eabi/10.3.1/../../../../arm-none-eabi/lib/thumb/v7e-m+fp/hard/libc_nano.a(lib_a-errno.o)
                              ./Core/Src/syscalls.o (__errno)
/opt/st/stm32cubeide_1.11.0/plugins/com.st.stm32cube.ide.mcu.externaltools.gnu-tools-for-stm32.10.3-2021.10.linux64_1.0.100.202210260954/tools/bin/../lib/gcc/arm-none-eabi/10.3.1/../../../../arm-none-eabi/lib/thumb/v7e-m+fp/hard/libc_nano.a(lib_a-exit.o)
                              /opt/st/stm32cubeide_1.11.0/plugins/com.st.stm32cube.ide.mcu.externaltools.gnu-tools-for-stm32.10.3-2021.10.linux64_1.0.100.202210260954/tools/bin/../lib/gcc/arm-none-eabi/10.3.1/../../../../arm-none-eabi/lib/thumb/v7e-m+fp/hard/crt0.o (exit)
/opt/st/stm32cubeide_1.11.0/plugins/com.st.stm32cube.ide.mcu.externaltools.gnu-tools-for-stm32.10.3-2021.10.linux64_1.0.100.202210260954/tools/bin/../lib/gcc/arm-none-eabi/10.3.1/../../../../arm-none-eabi/lib/thumb/v7e-m+fp/hard/libc_nano.a(lib_a-impure.o)
                              /opt/st/stm32cubeide_1.11.0/plugins/com.st.stm32cube.ide.mcu.externaltools.gnu-tools-for-stm32.10.3-2021.10.linux64_1.0.100.202210260954/tools/bin/../lib/gcc/arm-none-eabi/10.3.1/../../../../arm-none-eabi/lib/thumb/v7e-m+fp/hard/libc_nano.a(lib_a-exit.o) (_global_impure_ptr)
/opt/st/stm32cubeide_1.11.0/plugins/com.st.stm32cube.ide.mcu.externaltools.gnu-tools-for-stm32.10.3-2021.10.linux64_1.0.100.202210260954/tools/bin/../lib/gcc/arm-none-eabi/10.3.1/../../../../arm-none-eabi/lib/thumb/v7e-m+fp/hard/libc_nano.a(lib_a-init.o)
                              /opt/st/stm32cubeide_1.11.0/plugins/com.st.stm32cube.ide.mcu.externaltools.gnu-tools-for-stm32.10.3-2021.10.linux64_1.0.100.202210260954/tools/bin/../lib/gcc/arm-none-eabi/10.3.1/../../../../arm-none-eabi/lib/thumb/v7e-m+fp/hard/crt0.o (__libc_init_array)
/opt/st/stm32cubeide_1.11.0/plugins/com.st.stm32cube.ide.mcu.externaltools.gnu-tools-for-stm32.10.3-2021.10.linux64_1.0.100.202210260954/tools/bin/../lib/gcc/arm-none-eabi/10.3.1/../../../../arm-none-eabi/lib/thumb/v7e-m+fp/hard/libc_nano.a(lib_a-memcpy-stub.o)
                              ./Core/Src/ssd1306.o (memcpy)
/opt/st/stm32cubeide_1.11.0/plugins/com.st.stm32cube.ide.mcu.externaltools.gnu-tools-for-stm32.10.3-2021.10.linux64_1.0.100.202210260954/tools/bin/../lib/gcc/arm-none-eabi/10.3.1/../../../../arm-none-eabi/lib/thumb/v7e-m+fp/hard/libc_nano.a(lib_a-memmove.o)
                              ./Core/Src/ssh1306_tests.o (memmove)
/opt/st/stm32cubeide_1.11.0/plugins/com.st.stm32cube.ide.mcu.externaltools.gnu-tools-for-stm32.10.3-2021.10.linux64_1.0.100.202210260954/tools/bin/../lib/gcc/arm-none-eabi/10.3.1/../../../../arm-none-eabi/lib/thumb/v7e-m+fp/hard/libc_nano.a(lib_a-memset.o)
                              /opt/st/stm32cubeide_1.11.0/plugins/com.st.stm32cube.ide.mcu.externaltools.gnu-tools-for-stm32.10.3-2021.10.linux64_1.0.100.202210260954/tools/bin/../lib/gcc/arm-none-eabi/10.3.1/../../../../arm-none-eabi/lib/thumb/v7e-m+fp/hard/crt0.o (memset)
/opt/st/stm32cubeide_1.11.0/plugins/com.st.stm32cube.ide.mcu.externaltools.gnu-tools-for-stm32.10.3-2021.10.linux64_1.0.100.202210260954/tools/bin/../lib/gcc/arm-none-eabi/10.3.1/../../../../arm-none-eabi/lib/thumb/v7e-m+fp/hard/libc_nano.a(lib_a-nano-vfprintf_float.o)
                              (_printf_float)
/opt/st/stm32cubeide_1.11.0/plugins/com.st.stm32cube.ide.mcu.externaltools.gnu-tools-for-stm32.10.3-2021.10.linux64_1.0.100.202210260954/tools/bin/../lib/gcc/arm-none-eabi/10.3.1/../../../../arm-none-eabi/lib/thumb/v7e-m+fp/hard/libc_nano.a(lib_a-nano-vfprintf_i.o)
                              /opt/st/stm32cubeide_1.11.0/plugins/com.st.stm32cube.ide.mcu.externaltools.gnu-tools-for-stm32.10.3-2021.10.linux64_1.0.100.202210260954/tools/bin/../lib/gcc/arm-none-eabi/10.3.1/../../../../arm-none-eabi/lib/thumb/v7e-m+fp/hard/libc_nano.a(lib_a-nano-vfprintf_float.o) (_printf_common)
/opt/st/stm32cubeide_1.11.0/plugins/com.st.stm32cube.ide.mcu.externaltools.gnu-tools-for-stm32.10.3-2021.10.linux64_1.0.100.202210260954/tools/bin/../lib/gcc/arm-none-eabi/10.3.1/../../../../arm-none-eabi/lib/thumb/v7e-m+fp/hard/libc_nano.a(lib_a-nano-vfscanf_float.o)
                              (_scanf_float)
/opt/st/stm32cubeide_1.11.0/plugins/com.st.stm32cube.ide.mcu.externaltools.gnu-tools-for-stm32.10.3-2021.10.linux64_1.0.100.202210260954/tools/bin/../lib/gcc/arm-none-eabi/10.3.1/../../../../arm-none-eabi/lib/thumb/v7e-m+fp/hard/libc_nano.a(lib_a-sf_nan.o)
                              /opt/st/stm32cubeide_1.11.0/plugins/com.st.stm32cube.ide.mcu.externaltools.gnu-tools-for-stm32.10.3-2021.10.linux64_1.0.100.202210260954/tools/bin/../lib/gcc/arm-none-eabi/10.3.1/../../../../arm-none-eabi/lib/thumb/v7e-m+fp/hard/libc_nano.a(lib_a-nano-vfscanf_float.o) (nanf)
[...]
Memory Configuration

Name             Origin             Length             Attributes
CCMRAM           0x0000000010000000 0x0000000000010000 xrw
RAM              0x0000000020000000 0x0000000000020000 xrw
FLASH            0x0000000008000000 0x0000000000100000 xr
*default*        0x0000000000000000 0xffffffffffffffff

Linker script and memory map

LOAD /opt/st/stm32cubeide_1.11.0/plugins/com.st.stm32cube.ide.mcu.externaltools.gnu-tools-for-stm32.10.3-2021.10.linux64_1.0.100.202210260954/tools/bin/../lib/gcc/arm-none-eabi/10.3.1/thumb/v7e-m+fp/hard/crti.o
LOAD /opt/st/stm32cubeide_1.11.0/plugins/com.st.stm32cube.ide.mcu.externaltools.gnu-tools-for-stm32.10.3-2021.10.linux64_1.0.100.202210260954/tools/bin/../lib/gcc/arm-none-eabi/10.3.1/thumb/v7e-m+fp/hard/crtbegin.o
LOAD /opt/st/stm32cubeide_1.11.0/plugins/com.st.stm32cube.ide.mcu.externaltools.gnu-tools-for-stm32.10.3-2021.10.linux64_1.0.100.202210260954/tools/bin/../lib/gcc/arm-none-eabi/10.3.1/../../../../arm-none-eabi/lib/thumb/v7e-m+fp/hard/crt0.o
LOAD ./Core/Src/main.o
LOAD ./Core/Src/ssd1306.o
LOAD ./Core/Src/ssd1306_fonts.o
LOAD ./Core/Src/ssh1306_tests.o
LOAD ./Core/Src/stm32f4xx_hal_msp.o
LOAD ./Core/Src/stm32f4xx_hal_timebase_tim.o
LOAD ./Core/Src/stm32f4xx_it.o
LOAD ./Core/Src/syscalls.o
LOAD ./Core/Src/sysmem.o
LOAD ./Core/Src/system_stm32f4xx.o
LOAD ./Core/Startup/startup_stm32f407vgtx.o
LOAD ./Drivers/STM32F4xx_HAL_Driver/Src/stm32f4xx_hal.o
LOAD ./Drivers/STM32F4xx_HAL_Driver/Src/stm32f4xx_hal_cortex.o
LOAD ./Drivers/STM32F4xx_HAL_Driver/Src/stm32f4xx_hal_dma.o
LOAD ./Drivers/STM32F4xx_HAL_Driver/Src/stm32f4xx_hal_dma_ex.o
LOAD ./Drivers/STM32F4xx_HAL_Driver/Src/stm32f4xx_hal_exti.o
LOAD ./Drivers/STM32F4xx_HAL_Driver/Src/stm32f4xx_hal_flash.o
LOAD ./Drivers/STM32F4xx_HAL_Driver/Src/stm32f4xx_hal_flash_ex.o
LOAD ./Drivers/STM32F4xx_HAL_Driver/Src/stm32f4xx_hal_flash_ramfunc.o
LOAD ./Drivers/STM32F4xx_HAL_Driver/Src/stm32f4xx_hal_gpio.o
LOAD ./Drivers/STM32F4xx_HAL_Driver/Src/stm32f4xx_hal_i2c.o
LOAD ./Drivers/STM32F4xx_HAL_Driver/Src/stm32f4xx_hal_i2c_ex.o
LOAD ./Drivers/STM32F4xx_HAL_Driver/Src/stm32f4xx_hal_pwr.o
LOAD ./Drivers/STM32F4xx_HAL_Driver/Src/stm32f4xx_hal_pwr_ex.o
LOAD ./Drivers/STM32F4xx_HAL_Driver/Src/stm32f4xx_hal_rcc.o
LOAD ./Drivers/STM32F4xx_HAL_Driver/Src/stm32f4xx_hal_rcc_ex.o
LOAD ./Drivers/STM32F4xx_HAL_Driver/Src/stm32f4xx_hal_tim.o
LOAD ./Drivers/STM32F4xx_HAL_Driver/Src/stm32f4xx_hal_tim_ex.o
LOAD ./Drivers/STM32F4xx_HAL_Driver/Src/stm32f4xx_hal_uart.o
LOAD ./FreeRTOS/croutine.o
LOAD ./FreeRTOS/event_groups.o
LOAD ./FreeRTOS/list.o
LOAD ./FreeRTOS/queue.o
LOAD ./FreeRTOS/tasks.o
LOAD ./FreeRTOS/timers.o
LOAD ./FreeRTOS/portable/ARM_CM4F/port.o
LOAD ./FreeRTOS/portable/MemMang/heap_4.o
START GROUP
LOAD /opt/st/stm32cubeide_1.11.0/plugins/com.st.stm32cube.ide.mcu.externaltools.gnu-tools-for-stm32.10.3-2021.10.linux64_1.0.100.202210260954/tools/bin/../lib/gcc/arm-none-eabi/10.3.1/../../../../arm-none-eabi/lib/thumb/v7e-m+fp/hard/libc_nano.a
LOAD /opt/st/stm32cubeide_1.11.0/plugins/com.st.stm32cube.ide.mcu.externaltools.gnu-tools-for-stm32.10.3-2021.10.linux64_1.0.100.202210260954/tools/bin/../lib/gcc/arm-none-eabi/10.3.1/../../../../arm-none-eabi/lib/thumb/v7e-m+fp/hard/libm.a
END GROUP
START GROUP
LOAD /opt/st/stm32cubeide_1.11.0/plugins/com.st.stm32cube.ide.mcu.externaltools.gnu-tools-for-stm32.10.3-2021.10.linux64_1.0.100.202210260954/tools/bin/../lib/gcc/arm-none-eabi/10.3.1/thumb/v7e-m+fp/hard/libgcc.a
LOAD /opt/st/stm32cubeide_1.11.0/plugins/com.st.stm32cube.ide.mcu.externaltools.gnu-tools-for-stm32.10.3-2021.10.linux64_1.0.100.202210260954/tools/bin/../lib/gcc/arm-none-eabi/10.3.1/../../../../arm-none-eabi/lib/thumb/v7e-m+fp/hard/libc_nano.a
END GROUP
START GROUP
LOAD /opt/st/stm32cubeide_1.11.0/plugins/com.st.stm32cube.ide.mcu.externaltools.gnu-tools-for-stm32.10.3-2021.10.linux64_1.0.100.202210260954/tools/bin/../lib/gcc/arm-none-eabi/10.3.1/thumb/v7e-m+fp/hard/libgcc.a
LOAD /opt/st/stm32cubeide_1.11.0/plugins/com.st.stm32cube.ide.mcu.externaltools.gnu-tools-for-stm32.10.3-2021.10.linux64_1.0.100.202210260954/tools/bin/../lib/gcc/arm-none-eabi/10.3.1/../../../../arm-none-eabi/lib/thumb/v7e-m+fp/hard/libc_nano.a
LOAD /opt/st/stm32cubeide_1.11.0/plugins/com.st.stm32cube.ide.mcu.externaltools.gnu-tools-for-stm32.10.3-2021.10.linux64_1.0.100.202210260954/tools/bin/../lib/gcc/arm-none-eabi/10.3.1/../../../../arm-none-eabi/lib/thumb/v7e-m+fp/hard/libnosys.a
END GROUP
START GROUP
LOAD /opt/st/stm32cubeide_1.11.0/plugins/com.st.stm32cube.ide.mcu.externaltools.gnu-tools-for-stm32.10.3-2021.10.linux64_1.0.100.202210260954/tools/bin/../lib/gcc/arm-none-eabi/10.3.1/thumb/v7e-m+fp/hard/libgcc.a
LOAD /opt/st/stm32cubeide_1.11.0/plugins/com.st.stm32cube.ide.mcu.externaltools.gnu-tools-for-stm32.10.3-2021.10.linux64_1.0.100.202210260954/tools/bin/../lib/gcc/arm-none-eabi/10.3.1/../../../../arm-none-eabi/lib/thumb/v7e-m+fp/hard/libc_nano.a
LOAD /opt/st/stm32cubeide_1.11.0/plugins/com.st.stm32cube.ide.mcu.externaltools.gnu-tools-for-stm32.10.3-2021.10.linux64_1.0.100.202210260954/tools/bin/../lib/gcc/arm-none-eabi/10.3.1/../../../../arm-none-eabi/lib/thumb/v7e-m+fp/hard/libnosys.a
END GROUP
LOAD /opt/st/stm32cubeide_1.11.0/plugins/com.st.stm32cube.ide.mcu.externaltools.gnu-tools-for-stm32.10.3-2021.10.linux64_1.0.100.202210260954/tools/bin/../lib/gcc/arm-none-eabi/10.3.1/thumb/v7e-m+fp/hard/crtend.o
LOAD /opt/st/stm32cubeide_1.11.0/plugins/com.st.stm32cube.ide.mcu.externaltools.gnu-tools-for-stm32.10.3-2021.10.linux64_1.0.100.202210260954/tools/bin/../lib/gcc/arm-none-eabi/10.3.1/thumb/v7e-m+fp/hard/crtn.o
                0x0000000020020000                _estack = (ORIGIN (RAM) + LENGTH (RAM))
                0x0000000000000200                _Min_Heap_Size = 0x200
                0x0000000000000400                _Min_Stack_Size = 0x400

.isr_vector     0x0000000008000000      0x188
                0x0000000008000000                . = ALIGN (0x4)
 *(.isr_vector)
 .isr_vector    0x0000000008000000      0x188 ./Core/Startup/startup_stm32f407vgtx.o
                0x0000000008000000                g_pfnVectors
                0x0000000008000188                . = ALIGN (0x4)

.text           0x0000000008000190     0xd6a4
                0x0000000008000190                . = ALIGN (0x4)
 *(.text)
 .text          0x0000000008000190       0x40 /opt/st/stm32cubeide_1.11.0/plugins/com.st.stm32cube.ide.mcu.externaltools.gnu-tools-for-stm32.10.3-2021.10.linux64_1.0.100.202210260954/tools/bin/../lib/gcc/arm-none-eabi/10.3.1/thumb/v7e-m+fp/hard/crtbegin.o
 .text          0x00000000080001d0       0x14 /opt/st/stm32cubeide_1.11.0/plugins/com.st.stm32cube.ide.mcu.externaltools.gnu-tools-for-stm32.10.3-2021.10.linux64_1.0.100.202210260954/tools/bin/../lib/gcc/arm-none-eabi/10.3.1/../../../../arm-none-eabi/lib/thumb/v7e-m+fp/hard/libc_nano.a(lib_a-strcmp.o)
                0x00000000080001d0                strcmp
 .text          0x00000000080001e4       0x10 /opt/st/stm32cubeide_1.11.0/plugins/com.st.stm32cube.ide.mcu.externaltools.gnu-tools-for-stm32.10.3-2021.10.linux64_1.0.100.202210260954/tools/bin/../lib/gcc/arm-none-eabi/10.3.1/../../../../arm-none-eabi/lib/thumb/v7e-m+fp/hard/libc_nano.a(lib_a-strlen.o)
                0x00000000080001e4                strlen
 *fill*         0x00000000080001f4        0xc 
 .text          0x0000000008000200       0xa0 /opt/st/stm32cubeide_1.11.0/plugins/com.st.stm32cube.ide.mcu.externaltools.gnu-tools-for-stm32.10.3-2021.10.linux64_1.0.100.202210260954/tools/bin/../lib/gcc/arm-none-eabi/10.3.1/../../../../arm-none-eabi/lib/thumb/v7e-m+fp/hard/libc_nano.a(lib_a-memchr.o)
                0x0000000008000200                memchr
 .text          0x00000000080002a0      0x378 /opt/st/stm32cubeide_1.11.0/plugins/com.st.stm32cube.ide.mcu.externaltools.gnu-tools-for-stm32.10.3-2021.10.linux64_1.0.100.202210260954/tools/bin/../lib/gcc/arm-none-eabi/10.3.1/thumb/v7e-m+fp/hard/libgcc.a(_arm_addsubdf3.o)
                0x00000000080002a0                __aeabi_drsub
                0x00000000080002a8                __aeabi_dsub
                0x00000000080002a8                __subdf3
                0x00000000080002ac                __adddf3
                0x00000000080002ac                __aeabi_dadd
                0x0000000008000524                __aeabi_ui2d
                0x0000000008000524                __floatunsidf
                0x0000000008000544                __floatsidf
                0x0000000008000544                __aeabi_i2d
                0x0000000008000568                __extendsfdf2
                0x0000000008000568                __aeabi_f2d
                0x00000000080005ac                __aeabi_ul2d
                0x00000000080005ac                __floatundidf
                0x00000000080005bc                __floatdidf
                0x00000000080005bc                __aeabi_l2d
 .text          0x0000000008000618      0x424 /opt/st/stm32cubeide_1.11.0/plugins/com.st.stm32cube.ide.mcu.externaltools.gnu-tools-for-stm32.10.3-2021.10.linux64_1.0.100.202210260954/tools/bin/../lib/gcc/arm-none-eabi/10.3.1/thumb/v7e-m+fp/hard/libgcc.a(_arm_muldivdf3.o)
                0x0000000008000618                __aeabi_dmul
                0x0000000008000618                __muldf3
                0x000000000800086c                __aeabi_ddiv
                0x000000000800086c                __divdf3
 .text          0x0000000008000a3c      0x110 /opt/st/stm32cubeide_1.11.0/plugins/com.st.stm32cube.ide.mcu.externaltools.gnu-tools-for-stm32.10.3-2021.10.linux64_1.0.100.202210260954/tools/bin/../lib/gcc/arm-none-eabi/10.3.1/thumb/v7e-m+fp/hard/libgcc.a(_arm_cmpdf2.o)
                0x0000000008000a3c                __gtdf2
                0x0000000008000a3c                __gedf2
                0x0000000008000a44                __ltdf2
                0x0000000008000a44                __ledf2
                0x0000000008000a4c                __cmpdf2
                0x0000000008000a4c                __eqdf2
                0x0000000008000a4c                __nedf2
                0x0000000008000ac8                __aeabi_cdrcmple
                0x0000000008000ad8                __aeabi_cdcmple
                0x0000000008000ad8                __aeabi_cdcmpeq
                0x0000000008000ae8                __aeabi_dcmpeq
                0x0000000008000afc                __aeabi_dcmplt
                0x0000000008000b10                __aeabi_dcmple
                0x0000000008000b24                __aeabi_dcmpge
                0x0000000008000b38                __aeabi_dcmpgt
 .text          0x0000000008000b4c       0x2c /opt/st/stm32cubeide_1.11.0/plugins/com.st.stm32cube.ide.mcu.externaltools.gnu-tools-for-stm32.10.3-2021.10.linux64_1.0.100.202210260954/tools/bin/../lib/gcc/arm-none-eabi/10.3.1/thumb/v7e-m+fp/hard/libgcc.a(_arm_unorddf2.o)
                0x0000000008000b4c                __aeabi_dcmpun
                0x0000000008000b4c                __unorddf2
 .text          0x0000000008000b78       0x50 /opt/st/stm32cubeide_1.11.0/plugins/com.st.stm32cube.ide.mcu.externaltools.gnu-tools-for-stm32.10.3-2021.10.linux64_1.0.100.202210260954/tools/bin/../lib/gcc/arm-none-eabi/10.3.1/thumb/v7e-m+fp/hard/libgcc.a(_arm_fixdfsi.o)
                0x0000000008000b78                __fixdfsi
                0x0000000008000b78                __aeabi_d2iz
 .text          0x0000000008000bc8       0x40 /opt/st/stm32cubeide_1.11.0/plugins/com.st.stm32cube.ide.mcu.externaltools.gnu-tools-for-stm32.10.3-2021.10.linux64_1.0.100.202210260954/tools/bin/../lib/gcc/arm-none-eabi/10.3.1/thumb/v7e-m+fp/hard/libgcc.a(_arm_fixunsdfsi.o)
                0x0000000008000bc8                __fixunsdfsi
                0x0000000008000bc8                __aeabi_d2uiz
 .text          0x0000000008000c08       0xa0 /opt/st/stm32cubeide_1.11.0/plugins/com.st.stm32cube.ide.mcu.externaltools.gnu-tools-for-stm32.10.3-2021.10.linux64_1.0.100.202210260954/tools/bin/../lib/gcc/arm-none-eabi/10.3.1/thumb/v7e-m+fp/hard/libgcc.a(_arm_truncdfsf2.o)
                0x0000000008000c08                __aeabi_d2f
                0x0000000008000c08                __truncdfsf2
 .text          0x0000000008000ca8       0x30 /opt/st/stm32cubeide_1.11.0/plugins/com.st.stm32cube.ide.mcu.externaltools.gnu-tools-for-stm32.10.3-2021.10.linux64_1.0.100.202210260954/tools/bin/../lib/gcc/arm-none-eabi/10.3.1/thumb/v7e-m+fp/hard/libgcc.a(_aeabi_uldivmod.o)
                0x0000000008000ca8                __aeabi_uldivmod
 .text          0x0000000008000cd8       0x30 /opt/st/stm32cubeide_1.11.0/plugins/com.st.stm32cube.ide.mcu.externaltools.gnu-tools-for-stm32.10.3-2021.10.linux64_1.0.100.202210260954/tools/bin/../lib/gcc/arm-none-eabi/10.3.1/thumb/v7e-m+fp/hard/libgcc.a(_fixdfdi.o)
                0x0000000008000cd8                __aeabi_d2lz
                0x0000000008000cd8                __fixdfdi
 .text          0x0000000008000d08       0x3c /opt/st/stm32cubeide_1.11.0/plugins/com.st.stm32cube.ide.mcu.externaltools.gnu-tools-for-stm32.10.3-2021.10.linux64_1.0.100.202210260954/tools/bin/../lib/gcc/arm-none-eabi/10.3.1/thumb/v7e-m+fp/hard/libgcc.a(_fixunsdfdi.o)
                0x0000000008000d08                __aeabi_d2ulz
                0x0000000008000d08                __fixunsdfdi
 .text          0x0000000008000d44      0x2d0 /opt/st/stm32cubeide_1.11.0/plugins/com.st.stm32cube.ide.mcu.externaltools.gnu-tools-for-stm32.10.3-2021.10.linux64_1.0.100.202210260954/tools/bin/../lib/gcc/arm-none-eabi/10.3.1/thumb/v7e-m+fp/hard/libgcc.a(_udivmoddi4.o)
                0x0000000008000d44                __udivmoddi4
 .text          0x0000000008001014        0x4 /opt/st/stm32cubeide_1.11.0/plugins/com.st.stm32cube.ide.mcu.externaltools.gnu-tools-for-stm32.10.3-2021.10.linux64_1.0.100.202210260954/tools/bin/../lib/gcc/arm-none-eabi/10.3.1/thumb/v7e-m+fp/hard/libgcc.a(_dvmd_tls.o)
                0x0000000008001014                __aeabi_ldiv0
                0x0000000008001014                __aeabi_idiv0
 *(.text*)
 .text.bt_set_fan_state
                0x0000000008001018       0x38 ./Core/Src/main.o
 .text.bt_handler_on
                0x0000000008001050       0x1e ./Core/Src/main.o
                0x0000000008001050                bt_handler_on
 .text.bt_handler_off
                0x000000000800106e       0x1e ./Core/Src/main.o
                0x000000000800106e                bt_handler_off
 .text.bt_handler_low
                0x000000000800108c       0x1e ./Core/Src/main.o
                0x000000000800108c                bt_handler_low
 .text.bt_handler_mid
                0x00000000080010aa       0x1e ./Core/Src/main.o
                0x00000000080010aa                bt_handler_mid
 .text.bt_handler_high
                0x00000000080010c8       0x1e ./Core/Src/main.o
                0x00000000080010c8                bt_handler_high
 *fill*         0x00000000080010e6        0x2 
 .text.microDelay
                0x00000000080010e8       0x34 ./Core/Src/main.o
                0x00000000080010e8                microDelay
 .text.DHT11_Start
                0x000000000800111c       0xf0 ./Core/Src/main.o
                0x000000000800111c                DHT11_Start
 .text.DHT11_Read
                0x000000000800120c      0x100 ./Core/Src/main.o
                0x000000000800120c                DHT11_Read
 .text.check_dht11
                0x000000000800130c       0xa4 ./Core/Src/main.o
                0x000000000800130c                check_dht11
 .text.test     0x00000000080013b0       0x44 ./Core/Src/main.o
                0x00000000080013b0                test
 .text.OLED_task
                0x00000000080013f4       0x8c ./Core/Src/main.o
                0x00000000080013f4                OLED_task
 .text.DHT11_task
                0x0000000008001480       0x7c ./Core/Src/main.o
                0x0000000008001480                DHT11_task
 .text.turn_on_PWM
                0x00000000080014fc       0x38 ./Core/Src/main.o
                0x00000000080014fc                turn_on_PWM
 .text.turn_off_PWM
                0x0000000008001534       0x2c ./Core/Src/main.o
                0x0000000008001534                turn_off_PWM
 .text.IR_Init  0x0000000008001560       0x3c ./Core/Src/main.o
                0x0000000008001560                IR_Init
 .text.IR_read_reg
                0x000000000800159c       0x28 ./Core/Src/main.o
                0x000000000800159c                IR_read_reg
 .text.change_fan_state
                0x00000000080015c4       0x76 ./Core/Src/main.o
                0x00000000080015c4                change_fan_state
 *fill*         0x000000000800163a        0x2 
 .text.FanControl_task
                0x000000000800163c       0x70 ./Core/Src/main.o
                0x000000000800163c                FanControl_task
 .text.bt_process_string
                0x00000000080016ac       0x78 ./Core/Src/main.o
                0x00000000080016ac                bt_process_string
 .text.BtRecieve_task
                0x0000000008001724       0x7c ./Core/Src/main.o
                0x0000000008001724                BtRecieve_task
 .text.main     0x00000000080017a0      0x104 ./Core/Src/main.o
                0x00000000080017a0                main
 .text.SystemClock_Config
                0x00000000080018a4       0xd4 ./Core/Src/main.o
                0x00000000080018a4                SystemClock_Config
 .text.MX_I2C1_Init
                0x0000000008001978       0x5c ./Core/Src/main.o
 .text.MX_TIM1_Init
                0x00000000080019d4       0xa0 ./Core/Src/main.o
 .text.MX_TIM2_Init
                0x0000000008001a74       0xec ./Core/Src/main.o
 .text.MX_USART3_UART_Init
                0x0000000008001b60       0x54 ./Core/Src/main.o
 .text.MX_GPIO_Init
                0x0000000008001bb4      0x168 ./Core/Src/main.o
 .text.HAL_UART_RxCpltCallback
                0x0000000008001d1c       0x6c ./Core/Src/main.o
                0x0000000008001d1c                HAL_UART_RxCpltCallback
 .text.HAL_TIM_PeriodElapsedCallback
                0x0000000008001d88       0x24 ./Core/Src/main.o
                0x0000000008001d88                HAL_TIM_PeriodElapsedCallback
 .text.Error_Handler
                0x0000000008001dac        0xa ./Core/Src/main.o
                0x0000000008001dac                Error_Handler
 .text.ssd1306_Reset
                0x0000000008001db6        0xe ./Core/Src/ssd1306.o
                0x0000000008001db6                ssd1306_Reset
 .text.ssd1306_WriteCommand
                0x0000000008001dc4       0x30 ./Core/Src/ssd1306.o
                0x0000000008001dc4                ssd1306_WriteCommand
 .text.ssd1306_WriteData
                0x0000000008001df4       0x34 ./Core/Src/ssd1306.o
                0x0000000008001df4                ssd1306_WriteData
 .text.ssd1306_Init
                0x0000000008001e28       0xd4 ./Core/Src/ssd1306.o
                0x0000000008001e28                ssd1306_Init
 .text.ssd1306_Fill
                0x0000000008001efc       0x30 ./Core/Src/ssd1306.o
                0x0000000008001efc                ssd1306_Fill
 .text.ssd1306_UpdateScreen
                0x0000000008001f2c       0x50 ./Core/Src/ssd1306.o
                0x0000000008001f2c                ssd1306_UpdateScreen
 .text.ssd1306_DrawPixel
                0x0000000008001f7c       0xa8 ./Core/Src/ssd1306.o
                0x0000000008001f7c                ssd1306_DrawPixel
 .text.ssd1306_WriteChar
                0x0000000008002024      0x124 ./Core/Src/ssd1306.o
                0x0000000008002024                ssd1306_WriteChar
 .text.ssd1306_WriteString
                0x0000000008002148       0x4c ./Core/Src/ssd1306.o
                0x0000000008002148                ssd1306_WriteString
 .text.ssd1306_SetCursor
                0x0000000008002194       0x30 ./Core/Src/ssd1306.o
                0x0000000008002194                ssd1306_SetCursor
 .text.ssd1306_SetContrast
                0x00000000080021c4       0x26 ./Core/Src/ssd1306.o
                0x00000000080021c4                ssd1306_SetContrast
 *fill*         0x00000000080021ea        0x2 
 .text.ssd1306_SetDisplayOn
                0x00000000080021ec       0x3c ./Core/Src/ssd1306.o
                0x00000000080021ec                ssd1306_SetDisplayOn
 .text.ssd1306_print
                0x0000000008002228      0x134 ./Core/Src/ssh1306_tests.o
                0x0000000008002228                ssd1306_print
 .text.HAL_MspInit
                0x000000000800235c       0x50 ./Core/Src/stm32f4xx_hal_msp.o
                0x000000000800235c                HAL_MspInit
 .text.HAL_I2C_MspInit
                0x00000000080023ac       0x90 ./Core/Src/stm32f4xx_hal_msp.o
                0x00000000080023ac                HAL_I2C_MspInit
 .text.HAL_TIM_Base_MspInit
                0x000000000800243c       0x6c ./Core/Src/stm32f4xx_hal_msp.o
                0x000000000800243c                HAL_TIM_Base_MspInit
 .text.HAL_TIM_MspPostInit
                0x00000000080024a8       0x70 ./Core/Src/stm32f4xx_hal_msp.o
                0x00000000080024a8                HAL_TIM_MspPostInit
 .text.HAL_UART_MspInit
                0x0000000008002518       0xe4 ./Core/Src/stm32f4xx_hal_msp.o
                0x0000000008002518                HAL_UART_MspInit
 .text.HAL_InitTick
                0x00000000080025fc       0xf8 ./Core/Src/stm32f4xx_hal_timebase_tim.o
                0x00000000080025fc                HAL_InitTick
 .text.NMI_Handler
                0x00000000080026f4        0x6 ./Core/Src/stm32f4xx_it.o
                0x00000000080026f4                NMI_Handler
 .text.HardFault_Handler
                0x00000000080026fa        0x6 ./Core/Src/stm32f4xx_it.o
                0x00000000080026fa                HardFault_Handler
 .text.MemManage_Handler
                0x0000000008002700        0x6 ./Core/Src/stm32f4xx_it.o
                0x0000000008002700                MemManage_Handler
 .text.BusFault_Handler
                0x0000000008002706        0x6 ./Core/Src/stm32f4xx_it.o
                0x0000000008002706                BusFault_Handler
 .text.UsageFault_Handler
                0x000000000800270c        0x6 ./Core/Src/stm32f4xx_it.o
                0x000000000800270c                UsageFault_Handler
 .text.DebugMon_Handler
                0x0000000008002712        0xe ./Core/Src/stm32f4xx_it.o
                0x0000000008002712                DebugMon_Handler
 .text.USART3_IRQHandler
                0x0000000008002720       0x14 ./Core/Src/stm32f4xx_it.o
                0x0000000008002720                USART3_IRQHandler
 .text.TIM7_IRQHandler
                0x0000000008002734       0x14 ./Core/Src/stm32f4xx_it.o
                0x0000000008002734                TIM7_IRQHandler
 .text._getpid  0x0000000008002748       0x10 ./Core/Src/syscalls.o
                0x0000000008002748                _getpid
 .text._kill    0x0000000008002758       0x20 ./Core/Src/syscalls.o
                0x0000000008002758                _kill
 .text._exit    0x0000000008002778       0x14 ./Core/Src/syscalls.o
                0x0000000008002778                _exit
 .text._read    0x000000000800278c       0x3a ./Core/Src/syscalls.o
                0x000000000800278c                _read
 .text._write   0x00000000080027c6       0x38 ./Core/Src/syscalls.o
                0x00000000080027c6                _write
 .text._close   0x00000000080027fe       0x18 ./Core/Src/syscalls.o
                0x00000000080027fe                _close
 .text._fstat   0x0000000008002816       0x20 ./Core/Src/syscalls.o
                0x0000000008002816                _fstat
 .text._isatty  0x0000000008002836       0x16 ./Core/Src/syscalls.o
                0x0000000008002836                _isatty
 .text._lseek   0x000000000800284c       0x1a ./Core/Src/syscalls.o
                0x000000000800284c                _lseek
 *fill*         0x0000000008002866        0x2 
 .text._sbrk    0x0000000008002868       0x6c ./Core/Src/sysmem.o
                0x0000000008002868                _sbrk
 .text.SystemInit
                0x00000000080028d4       0x24 ./Core/Src/system_stm32f4xx.o
                0x00000000080028d4                SystemInit
 .text.Reset_Handler
                0x00000000080028f8       0x50 ./Core/Startup/startup_stm32f407vgtx.o
                0x00000000080028f8                Reset_Handler
 .text.Default_Handler
                0x0000000008002948        0x2 ./Core/Startup/startup_stm32f407vgtx.o
                0x0000000008002948                RTC_Alarm_IRQHandler
                0x0000000008002948                HASH_RNG_IRQHandler
                0x0000000008002948                EXTI2_IRQHandler
                0x0000000008002948                TIM8_CC_IRQHandler
                0x0000000008002948                TIM1_CC_IRQHandler
                0x0000000008002948                DMA2_Stream5_IRQHandler
                0x0000000008002948                DMA1_Stream5_IRQHandler
                0x0000000008002948                PVD_IRQHandler
                0x0000000008002948                SDIO_IRQHandler
                0x0000000008002948                TAMP_STAMP_IRQHandler
                0x0000000008002948                CAN2_RX1_IRQHandler
                0x0000000008002948                EXTI3_IRQHandler
                0x0000000008002948                TIM8_TRG_COM_TIM14_IRQHandler
                0x0000000008002948                TIM1_UP_TIM10_IRQHandler
                0x0000000008002948                TIM8_UP_TIM13_IRQHandler
                0x0000000008002948                I2C3_ER_IRQHandler
                0x0000000008002948                EXTI0_IRQHandler
                0x0000000008002948                I2C2_EV_IRQHandler
                0x0000000008002948                DMA1_Stream2_IRQHandler
                0x0000000008002948                CAN1_RX0_IRQHandler
                0x0000000008002948                FPU_IRQHandler
                0x0000000008002948                OTG_HS_WKUP_IRQHandler
                0x0000000008002948                CAN2_SCE_IRQHandler
                0x0000000008002948                DMA2_Stream2_IRQHandler
                0x0000000008002948                SPI1_IRQHandler
                0x0000000008002948                TIM6_DAC_IRQHandler
                0x0000000008002948                TIM1_BRK_TIM9_IRQHandler
                0x0000000008002948                DCMI_IRQHandler
                0x0000000008002948                CAN2_RX0_IRQHandler
                0x0000000008002948                DMA2_Stream3_IRQHandler
                0x0000000008002948                USART6_IRQHandler
                0x0000000008002948                CAN1_RX1_IRQHandler
                0x0000000008002948                UART5_IRQHandler
                0x0000000008002948                DMA2_Stream0_IRQHandler
                0x0000000008002948                TIM4_IRQHandler
                0x0000000008002948                I2C1_EV_IRQHandler
                0x0000000008002948                DMA1_Stream6_IRQHandler
                0x0000000008002948                DMA1_Stream1_IRQHandler
                0x0000000008002948                UART4_IRQHandler
                0x0000000008002948                TIM3_IRQHandler
                0x0000000008002948                RCC_IRQHandler
                0x0000000008002948                TIM8_BRK_TIM12_IRQHandler
                0x0000000008002948                Default_Handler
                0x0000000008002948                EXTI15_10_IRQHandler
                0x0000000008002948                ADC_IRQHandler
                0x0000000008002948                DMA1_Stream7_IRQHandler
                0x0000000008002948                CAN2_TX_IRQHandler
                0x0000000008002948                TIM5_IRQHandler
                0x0000000008002948                DMA2_Stream7_IRQHandler
                0x0000000008002948                I2C3_EV_IRQHandler
                0x0000000008002948                EXTI9_5_IRQHandler
                0x0000000008002948                RTC_WKUP_IRQHandler
                0x0000000008002948                ETH_WKUP_IRQHandler
                0x0000000008002948                SPI2_IRQHandler
                0x0000000008002948                OTG_HS_EP1_IN_IRQHandler
                0x0000000008002948                DMA1_Stream0_IRQHandler
                0x0000000008002948                CAN1_TX_IRQHandler
                0x0000000008002948                EXTI4_IRQHandler
                0x0000000008002948                FSMC_IRQHandler
                0x0000000008002948                ETH_IRQHandler
                0x0000000008002948                OTG_HS_EP1_OUT_IRQHandler
                0x0000000008002948                WWDG_IRQHandler
                0x0000000008002948                TIM2_IRQHandler
                0x0000000008002948                OTG_FS_WKUP_IRQHandler
                0x0000000008002948                TIM1_TRG_COM_TIM11_IRQHandler
                0x0000000008002948                OTG_HS_IRQHandler
                0x0000000008002948                EXTI1_IRQHandler
                0x0000000008002948                USART2_IRQHandler
                0x0000000008002948                I2C2_ER_IRQHandler
                0x0000000008002948                DMA2_Stream1_IRQHandler
                0x0000000008002948                CAN1_SCE_IRQHandler
                0x0000000008002948                FLASH_IRQHandler
                0x0000000008002948                DMA2_Stream4_IRQHandler
                0x0000000008002948                USART1_IRQHandler
                0x0000000008002948                OTG_FS_IRQHandler
                0x0000000008002948                SPI3_IRQHandler
                0x0000000008002948                DMA1_Stream4_IRQHandler
                0x0000000008002948                I2C1_ER_IRQHandler
                0x0000000008002948                DMA2_Stream6_IRQHandler
                0x0000000008002948                DMA1_Stream3_IRQHandler
 *fill*         0x000000000800294a        0x2 
 .text.HAL_Init
                0x000000000800294c       0x44 ./Drivers/STM32F4xx_HAL_Driver/Src/stm32f4xx_hal.o
                0x000000000800294c                HAL_Init
 .text.HAL_IncTick
                0x0000000008002990       0x28 ./Drivers/STM32F4xx_HAL_Driver/Src/stm32f4xx_hal.o
                0x0000000008002990                HAL_IncTick
 .text.HAL_GetTick
                0x00000000080029b8       0x18 ./Drivers/STM32F4xx_HAL_Driver/Src/stm32f4xx_hal.o
                0x00000000080029b8                HAL_GetTick
 .text.HAL_Delay
                0x00000000080029d0       0x48 ./Drivers/STM32F4xx_HAL_Driver/Src/stm32f4xx_hal.o
                0x00000000080029d0                HAL_Delay
 .text.__NVIC_SetPriorityGrouping
                0x0000000008002a18       0x48 ./Drivers/STM32F4xx_HAL_Driver/Src/stm32f4xx_hal_cortex.o
 .text.__NVIC_GetPriorityGrouping
                0x0000000008002a60       0x1c ./Drivers/STM32F4xx_HAL_Driver/Src/stm32f4xx_hal_cortex.o
 .text.__NVIC_EnableIRQ
                0x0000000008002a7c       0x3c ./Drivers/STM32F4xx_HAL_Driver/Src/stm32f4xx_hal_cortex.o
 .text.__NVIC_SetPriority
                0x0000000008002ab8       0x54 ./Drivers/STM32F4xx_HAL_Driver/Src/stm32f4xx_hal_cortex.o
 .text.NVIC_EncodePriority
                0x0000000008002b0c       0x66 ./Drivers/STM32F4xx_HAL_Driver/Src/stm32f4xx_hal_cortex.o
 .text.HAL_NVIC_SetPriorityGrouping
                0x0000000008002b72       0x16 ./Drivers/STM32F4xx_HAL_Driver/Src/stm32f4xx_hal_cortex.o
                0x0000000008002b72                HAL_NVIC_SetPriorityGrouping
 .text.HAL_NVIC_SetPriority
                0x0000000008002b88       0x38 ./Drivers/STM32F4xx_HAL_Driver/Src/stm32f4xx_hal_cortex.o
                0x0000000008002b88                HAL_NVIC_SetPriority
 .text.HAL_NVIC_EnableIRQ
                0x0000000008002bc0       0x1c ./Drivers/STM32F4xx_HAL_Driver/Src/stm32f4xx_hal_cortex.o
                0x0000000008002bc0                HAL_NVIC_EnableIRQ
 .text.HAL_DMA_Abort
                0x0000000008002bdc       0xe0 ./Drivers/STM32F4xx_HAL_Driver/Src/stm32f4xx_hal_dma.o
                0x0000000008002bdc                HAL_DMA_Abort
 .text.HAL_DMA_Abort_IT
                0x0000000008002cbc       0x44 ./Drivers/STM32F4xx_HAL_Driver/Src/stm32f4xx_hal_dma.o
                0x0000000008002cbc                HAL_DMA_Abort_IT
 .text.HAL_GPIO_Init
                0x0000000008002d00      0x338 ./Drivers/STM32F4xx_HAL_Driver/Src/stm32f4xx_hal_gpio.o
                0x0000000008002d00                HAL_GPIO_Init
 .text.HAL_GPIO_ReadPin
                0x0000000008003038       0x30 ./Drivers/STM32F4xx_HAL_Driver/Src/stm32f4xx_hal_gpio.o
                0x0000000008003038                HAL_GPIO_ReadPin
 .text.HAL_GPIO_WritePin
                0x0000000008003068       0x32 ./Drivers/STM32F4xx_HAL_Driver/Src/stm32f4xx_hal_gpio.o
                0x0000000008003068                HAL_GPIO_WritePin
 *fill*         0x000000000800309a        0x2 
 .text.HAL_I2C_Init
                0x000000000800309c      0x288 ./Drivers/STM32F4xx_HAL_Driver/Src/stm32f4xx_hal_i2c.o
                0x000000000800309c                HAL_I2C_Init
 .text.HAL_I2C_Mem_Write
                0x0000000008003324      0x1f4 ./Drivers/STM32F4xx_HAL_Driver/Src/stm32f4xx_hal_i2c.o
                0x0000000008003324                HAL_I2C_Mem_Write
 .text.I2C_RequestMemoryWrite
                0x0000000008003518      0x12c ./Drivers/STM32F4xx_HAL_Driver/Src/stm32f4xx_hal_i2c.o
 .text.I2C_WaitOnFlagUntilTimeout
                0x0000000008003644       0xae ./Drivers/STM32F4xx_HAL_Driver/Src/stm32f4xx_hal_i2c.o
 .text.I2C_WaitOnMasterAddressFlagUntilTimeout
                0x00000000080036f2       0xfe ./Drivers/STM32F4xx_HAL_Driver/Src/stm32f4xx_hal_i2c.o
 .text.I2C_WaitOnTXEFlagUntilTimeout
                0x00000000080037f0       0x82 ./Drivers/STM32F4xx_HAL_Driver/Src/stm32f4xx_hal_i2c.o
 .text.I2C_WaitOnBTFFlagUntilTimeout
                0x0000000008003872       0x82 ./Drivers/STM32F4xx_HAL_Driver/Src/stm32f4xx_hal_i2c.o
 .text.I2C_IsAcknowledgeFailed
                0x00000000080038f4       0x5e ./Drivers/STM32F4xx_HAL_Driver/Src/stm32f4xx_hal_i2c.o
 *fill*         0x0000000008003952        0x2 
 .text.HAL_RCC_OscConfig
                0x0000000008003954      0x4f0 ./Drivers/STM32F4xx_HAL_Driver/Src/stm32f4xx_hal_rcc.o
                0x0000000008003954                HAL_RCC_OscConfig
 .text.HAL_RCC_ClockConfig
                0x0000000008003e44      0x1cc ./Drivers/STM32F4xx_HAL_Driver/Src/stm32f4xx_hal_rcc.o
                0x0000000008003e44                HAL_RCC_ClockConfig
 .text.HAL_RCC_GetSysClockFreq
                0x0000000008004010      0x18c ./Drivers/STM32F4xx_HAL_Driver/Src/stm32f4xx_hal_rcc.o
                0x0000000008004010                HAL_RCC_GetSysClockFreq
 .text.HAL_RCC_GetHCLKFreq
                0x000000000800419c       0x18 ./Drivers/STM32F4xx_HAL_Driver/Src/stm32f4xx_hal_rcc.o
                0x000000000800419c                HAL_RCC_GetHCLKFreq
 .text.HAL_RCC_GetPCLK1Freq
                0x00000000080041b4       0x28 ./Drivers/STM32F4xx_HAL_Driver/Src/stm32f4xx_hal_rcc.o
                0x00000000080041b4                HAL_RCC_GetPCLK1Freq
 .text.HAL_RCC_GetPCLK2Freq
                0x00000000080041dc       0x28 ./Drivers/STM32F4xx_HAL_Driver/Src/stm32f4xx_hal_rcc.o
                0x00000000080041dc                HAL_RCC_GetPCLK2Freq
 .text.HAL_RCC_GetClockConfig
                0x0000000008004204       0x64 ./Drivers/STM32F4xx_HAL_Driver/Src/stm32f4xx_hal_rcc.o
                0x0000000008004204                HAL_RCC_GetClockConfig
 .text.HAL_TIM_Base_Init
                0x0000000008004268       0x9e ./Drivers/STM32F4xx_HAL_Driver/Src/stm32f4xx_hal_tim.o
                0x0000000008004268                HAL_TIM_Base_Init
 *fill*         0x0000000008004306        0x2 
 .text.HAL_TIM_Base_Start
                0x0000000008004308       0xd0 ./Drivers/STM32F4xx_HAL_Driver/Src/stm32f4xx_hal_tim.o
                0x0000000008004308                HAL_TIM_Base_Start
 .text.HAL_TIM_Base_Start_IT
                0x00000000080043d8       0xe0 ./Drivers/STM32F4xx_HAL_Driver/Src/stm32f4xx_hal_tim.o
                0x00000000080043d8                HAL_TIM_Base_Start_IT
 .text.HAL_TIM_PWM_Init
                0x00000000080044b8       0x9e ./Drivers/STM32F4xx_HAL_Driver/Src/stm32f4xx_hal_tim.o
                0x00000000080044b8                HAL_TIM_PWM_Init
 .text.HAL_TIM_PWM_MspInit
                0x0000000008004556       0x14 ./Drivers/STM32F4xx_HAL_Driver/Src/stm32f4xx_hal_tim.o
                0x0000000008004556                HAL_TIM_PWM_MspInit
 *fill*         0x000000000800456a        0x2 
 .text.HAL_TIM_PWM_Start
                0x000000000800456c      0x190 ./Drivers/STM32F4xx_HAL_Driver/Src/stm32f4xx_hal_tim.o
                0x000000000800456c                HAL_TIM_PWM_Start
 .text.HAL_TIM_IRQHandler
                0x00000000080046fc      0x210 ./Drivers/STM32F4xx_HAL_Driver/Src/stm32f4xx_hal_tim.o
                0x00000000080046fc                HAL_TIM_IRQHandler
 .text.HAL_TIM_PWM_ConfigChannel
                0x000000000800490c      0x184 ./Drivers/STM32F4xx_HAL_Driver/Src/stm32f4xx_hal_tim.o
                0x000000000800490c                HAL_TIM_PWM_ConfigChannel
 .text.HAL_TIM_ConfigClockSource
                0x0000000008004a90      0x18e ./Drivers/STM32F4xx_HAL_Driver/Src/stm32f4xx_hal_tim.o
                0x0000000008004a90                HAL_TIM_ConfigClockSource
 .text.HAL_TIM_OC_DelayElapsedCallback
                0x0000000008004c1e       0x14 ./Drivers/STM32F4xx_HAL_Driver/Src/stm32f4xx_hal_tim.o
                0x0000000008004c1e                HAL_TIM_OC_DelayElapsedCallback
 .text.HAL_TIM_IC_CaptureCallback
                0x0000000008004c32       0x14 ./Drivers/STM32F4xx_HAL_Driver/Src/stm32f4xx_hal_tim.o
                0x0000000008004c32                HAL_TIM_IC_CaptureCallback
 .text.HAL_TIM_PWM_PulseFinishedCallback
                0x0000000008004c46       0x14 ./Drivers/STM32F4xx_HAL_Driver/Src/stm32f4xx_hal_tim.o
                0x0000000008004c46                HAL_TIM_PWM_PulseFinishedCallback
 .text.HAL_TIM_TriggerCallback
                0x0000000008004c5a       0x14 ./Drivers/STM32F4xx_HAL_Driver/Src/stm32f4xx_hal_tim.o
                0x0000000008004c5a                HAL_TIM_TriggerCallback
 *fill*         0x0000000008004c6e        0x2 
 .text.TIM_Base_SetConfig
                0x0000000008004c70      0x140 ./Drivers/STM32F4xx_HAL_Driver/Src/stm32f4xx_hal_tim.o
                0x0000000008004c70                TIM_Base_SetConfig
 .text.TIM_OC1_SetConfig
                0x0000000008004db0       0xe0 ./Drivers/STM32F4xx_HAL_Driver/Src/stm32f4xx_hal_tim.o
 .text.TIM_OC2_SetConfig
                0x0000000008004e90       0xec ./Drivers/STM32F4xx_HAL_Driver/Src/stm32f4xx_hal_tim.o
                0x0000000008004e90                TIM_OC2_SetConfig
 .text.TIM_OC3_SetConfig
                0x0000000008004f7c       0xe8 ./Drivers/STM32F4xx_HAL_Driver/Src/stm32f4xx_hal_tim.o
 .text.TIM_OC4_SetConfig
                0x0000000008005064       0xac ./Drivers/STM32F4xx_HAL_Driver/Src/stm32f4xx_hal_tim.o
 .text.TIM_TI1_ConfigInputStage
                0x0000000008005110       0x5e ./Drivers/STM32F4xx_HAL_Driver/Src/stm32f4xx_hal_tim.o
 .text.TIM_TI2_ConfigInputStage
                0x000000000800516e       0x60 ./Drivers/STM32F4xx_HAL_Driver/Src/stm32f4xx_hal_tim.o
 .text.TIM_ITRx_SetConfig
                0x00000000080051ce       0x36 ./Drivers/STM32F4xx_HAL_Driver/Src/stm32f4xx_hal_tim.o
 .text.TIM_ETR_SetConfig
                0x0000000008005204       0x40 ./Drivers/STM32F4xx_HAL_Driver/Src/stm32f4xx_hal_tim.o
                0x0000000008005204                TIM_ETR_SetConfig
 .text.TIM_CCxChannelCmd
                0x0000000008005244       0x4a ./Drivers/STM32F4xx_HAL_Driver/Src/stm32f4xx_hal_tim.o
                0x0000000008005244                TIM_CCxChannelCmd
 *fill*         0x000000000800528e        0x2 
 .text.HAL_TIMEx_MasterConfigSynchronization
                0x0000000008005290       0xf8 ./Drivers/STM32F4xx_HAL_Driver/Src/stm32f4xx_hal_tim_ex.o
                0x0000000008005290                HAL_TIMEx_MasterConfigSynchronization
 .text.HAL_TIMEx_CommutCallback
                0x0000000008005388       0x14 ./Drivers/STM32F4xx_HAL_Driver/Src/stm32f4xx_hal_tim_ex.o
                0x0000000008005388                HAL_TIMEx_CommutCallback
 .text.HAL_TIMEx_BreakCallback
                0x000000000800539c       0x14 ./Drivers/STM32F4xx_HAL_Driver/Src/stm32f4xx_hal_tim_ex.o
                0x000000000800539c                HAL_TIMEx_BreakCallback
 .text.HAL_UART_Init
                0x00000000080053b0       0x9a ./Drivers/STM32F4xx_HAL_Driver/Src/stm32f4xx_hal_uart.o
                0x00000000080053b0                HAL_UART_Init
 .text.HAL_UART_Receive_IT
                0x000000000800544a       0x60 ./Drivers/STM32F4xx_HAL_Driver/Src/stm32f4xx_hal_uart.o
                0x000000000800544a                HAL_UART_Receive_IT
 *fill*         0x00000000080054aa        0x2 
 .text.HAL_UART_IRQHandler
                0x00000000080054ac      0x51c ./Drivers/STM32F4xx_HAL_Driver/Src/stm32f4xx_hal_uart.o
                0x00000000080054ac                HAL_UART_IRQHandler
 .text.HAL_UART_TxCpltCallback
                0x00000000080059c8       0x14 ./Drivers/STM32F4xx_HAL_Driver/Src/stm32f4xx_hal_uart.o
                0x00000000080059c8                HAL_UART_TxCpltCallback
 .text.HAL_UART_ErrorCallback
                0x00000000080059dc       0x14 ./Drivers/STM32F4xx_HAL_Driver/Src/stm32f4xx_hal_uart.o
                0x00000000080059dc                HAL_UART_ErrorCallback
 .text.HAL_UARTEx_RxEventCallback
                0x00000000080059f0       0x18 ./Drivers/STM32F4xx_HAL_Driver/Src/stm32f4xx_hal_uart.o
                0x00000000080059f0                HAL_UARTEx_RxEventCallback
 .text.UART_Start_Receive_IT
                0x0000000008005a08       0x7c ./Drivers/STM32F4xx_HAL_Driver/Src/stm32f4xx_hal_uart.o
                0x0000000008005a08                UART_Start_Receive_IT
 .text.UART_EndRxTransfer
                0x0000000008005a84       0xc6 ./Drivers/STM32F4xx_HAL_Driver/Src/stm32f4xx_hal_uart.o
 .text.UART_DMAAbortOnError
                0x0000000008005b4a       0x28 ./Drivers/STM32F4xx_HAL_Driver/Src/stm32f4xx_hal_uart.o
 .text.UART_Transmit_IT
                0x0000000008005b72       0xa0 ./Drivers/STM32F4xx_HAL_Driver/Src/stm32f4xx_hal_uart.o
 .text.UART_EndTransmit_IT
                0x0000000008005c12       0x30 ./Drivers/STM32F4xx_HAL_Driver/Src/stm32f4xx_hal_uart.o
 .text.UART_Receive_IT
                0x0000000008005c42      0x176 ./Drivers/STM32F4xx_HAL_Driver/Src/stm32f4xx_hal_uart.o
 .text.UART_SetConfig
                0x0000000008005db8      0x4e8 ./Drivers/STM32F4xx_HAL_Driver/Src/stm32f4xx_hal_uart.o
 .text.vListInitialise
                0x00000000080062a0       0x40 ./FreeRTOS/list.o
                0x00000000080062a0                vListInitialise
 .text.vListInitialiseItem
                0x00000000080062e0       0x1a ./FreeRTOS/list.o
                0x00000000080062e0                vListInitialiseItem
 .text.vListInsertEnd
                0x00000000080062fa       0x48 ./FreeRTOS/list.o
                0x00000000080062fa                vListInsertEnd
 .text.vListInsert
                0x0000000008006342       0x72 ./FreeRTOS/list.o
                0x0000000008006342                vListInsert
 .text.uxListRemove
                0x00000000080063b4       0x54 ./FreeRTOS/list.o
                0x00000000080063b4                uxListRemove
 .text.xQueueGenericReset
                0x0000000008006408       0xd0 ./FreeRTOS/queue.o
                0x0000000008006408                xQueueGenericReset
 .text.xQueueGenericCreate
                0x00000000080064d8       0x78 ./FreeRTOS/queue.o
                0x00000000080064d8                xQueueGenericCreate
 .text.prvInitialiseNewQueue
                0x0000000008006550       0x46 ./FreeRTOS/queue.o
 .text.prvInitialiseMutex
                0x0000000008006596       0x34 ./FreeRTOS/queue.o
 .text.xQueueCreateMutex
                0x00000000080065ca       0x30 ./FreeRTOS/queue.o
                0x00000000080065ca                xQueueCreateMutex
 *fill*         0x00000000080065fa        0x2 
 .text.xQueueGenericSend
                0x00000000080065fc      0x1fc ./FreeRTOS/queue.o
                0x00000000080065fc                xQueueGenericSend
 .text.xQueueGenericSendFromISR
                0x00000000080067f8      0x130 ./FreeRTOS/queue.o
                0x00000000080067f8                xQueueGenericSendFromISR
 .text.xQueueReceive
                0x0000000008006928      0x1c0 ./FreeRTOS/queue.o
                0x0000000008006928                xQueueReceive
 .text.xQueueSemaphoreTake
                0x0000000008006ae8      0x218 ./FreeRTOS/queue.o
                0x0000000008006ae8                xQueueSemaphoreTake
 .text.prvGetDisinheritPriorityAfterTimeout
                0x0000000008006d00       0x30 ./FreeRTOS/queue.o
 .text.prvCopyDataToQueue
                0x0000000008006d30       0xd4 ./FreeRTOS/queue.o
 .text.prvCopyDataFromQueue
                0x0000000008006e04       0x4c ./FreeRTOS/queue.o
 .text.prvUnlockQueue
                0x0000000008006e50       0xa4 ./FreeRTOS/queue.o
 .text.prvIsQueueEmpty
                0x0000000008006ef4       0x2c ./FreeRTOS/queue.o
 .text.prvIsQueueFull
                0x0000000008006f20       0x30 ./FreeRTOS/queue.o
 .text.vQueueAddToRegistry
                0x0000000008006f50       0x54 ./FreeRTOS/queue.o
                0x0000000008006f50                vQueueAddToRegistry
 .text.vQueueWaitForMessageRestricted
                0x0000000008006fa4       0x68 ./FreeRTOS/queue.o
                0x0000000008006fa4                vQueueWaitForMessageRestricted
 .text.xTaskCreate
                0x000000000800700c       0x82 ./FreeRTOS/tasks.o
                0x000000000800700c                xTaskCreate
 .text.prvInitialiseNewTask
                0x000000000800708e      0x11e ./FreeRTOS/tasks.o
 .text.prvAddNewTaskToReadyList
                0x00000000080071ac       0xdc ./FreeRTOS/tasks.o
 .text.vTaskDelayUntil
                0x0000000008007288       0xfc ./FreeRTOS/tasks.o
                0x0000000008007288                vTaskDelayUntil
 .text.vTaskDelay
                0x0000000008007384       0x68 ./FreeRTOS/tasks.o
                0x0000000008007384                vTaskDelay
 .text.vTaskStartScheduler
                0x00000000080073ec       0x9c ./FreeRTOS/tasks.o
                0x00000000080073ec                vTaskStartScheduler
 .text.vTaskSuspendAll
                0x0000000008007488       0x1c ./FreeRTOS/tasks.o
                0x0000000008007488                vTaskSuspendAll
 .text.xTaskResumeAll
                0x00000000080074a4      0x138 ./FreeRTOS/tasks.o
                0x00000000080074a4                xTaskResumeAll
 .text.xTaskGetTickCount
                0x00000000080075dc       0x20 ./FreeRTOS/tasks.o
                0x00000000080075dc                xTaskGetTickCount
 .text.xTaskIncrementTick
                0x00000000080075fc      0x170 ./FreeRTOS/tasks.o
                0x00000000080075fc                xTaskIncrementTick
 .text.vTaskSwitchContext
                0x000000000800776c       0xb8 ./FreeRTOS/tasks.o
                0x000000000800776c                vTaskSwitchContext
 .text.vTaskPlaceOnEventList
                0x0000000008007824       0x48 ./FreeRTOS/tasks.o
                0x0000000008007824                vTaskPlaceOnEventList
 .text.vTaskPlaceOnEventListRestricted
                0x000000000800786c       0x58 ./FreeRTOS/tasks.o
                0x000000000800786c                vTaskPlaceOnEventListRestricted
 .text.xTaskRemoveFromEventList
                0x00000000080078c4       0xc4 ./FreeRTOS/tasks.o
                0x00000000080078c4                xTaskRemoveFromEventList
 .text.vTaskInternalSetTimeOutState
                0x0000000008007988       0x2c ./FreeRTOS/tasks.o
                0x0000000008007988                vTaskInternalSetTimeOutState
 .text.xTaskCheckForTimeOut
                0x00000000080079b4       0xc4 ./FreeRTOS/tasks.o
                0x00000000080079b4                xTaskCheckForTimeOut
 .text.vTaskMissedYield
                0x0000000008007a78       0x18 ./FreeRTOS/tasks.o
                0x0000000008007a78                vTaskMissedYield
 .text.prvIdleTask
                0x0000000008007a90       0x30 ./FreeRTOS/tasks.o
 .text.prvInitialiseTaskLists
                0x0000000008007ac0       0x80 ./FreeRTOS/tasks.o
 .text.prvCheckTasksWaitingTermination
                0x0000000008007b40       0x5c ./FreeRTOS/tasks.o
 .text.prvDeleteTCB
                0x0000000008007b9c       0x20 ./FreeRTOS/tasks.o
 .text.prvResetNextTaskUnblockTime
                0x0000000008007bbc       0x40 ./FreeRTOS/tasks.o
 .text.xTaskGetSchedulerState
                0x0000000008007bfc       0x3c ./FreeRTOS/tasks.o
                0x0000000008007bfc                xTaskGetSchedulerState
 .text.xTaskPriorityInherit
                0x0000000008007c38      0x100 ./FreeRTOS/tasks.o
                0x0000000008007c38                xTaskPriorityInherit
 .text.xTaskPriorityDisinherit
                0x0000000008007d38      0x10c ./FreeRTOS/tasks.o
                0x0000000008007d38                xTaskPriorityDisinherit
 .text.vTaskPriorityDisinheritAfterTimeout
                0x0000000008007e44      0x134 ./FreeRTOS/tasks.o
                0x0000000008007e44                vTaskPriorityDisinheritAfterTimeout
 .text.pvTaskIncrementMutexHeldCount
                0x0000000008007f78       0x28 ./FreeRTOS/tasks.o
                0x0000000008007f78                pvTaskIncrementMutexHeldCount
 .text.prvAddCurrentTaskToDelayedList
                0x0000000008007fa0       0xcc ./FreeRTOS/tasks.o
 .text.xTimerCreateTimerTask
                0x000000000800806c       0x64 ./FreeRTOS/timers.o
                0x000000000800806c                xTimerCreateTimerTask
 .text.xTimerGenericCommand
                0x00000000080080d0       0x9c ./FreeRTOS/timers.o
                0x00000000080080d0                xTimerGenericCommand
 .text.prvProcessExpiredTimer
                0x000000000800816c       0x98 ./FreeRTOS/timers.o
 .text.prvTimerTask
                0x0000000008008204       0x24 ./FreeRTOS/timers.o
 .text.prvProcessTimerOrBlockTask
                0x0000000008008228       0x9c ./FreeRTOS/timers.o
 .text.prvGetNextExpireTime
                0x00000000080082c4       0x48 ./FreeRTOS/timers.o
 .text.prvSampleTimeNow
                0x000000000800830c       0x40 ./FreeRTOS/timers.o
 .text.prvInsertTimerInActiveList
                0x000000000800834c       0x84 ./FreeRTOS/timers.o
 .text.prvProcessReceivedCommands
                0x00000000080083d0      0x18c ./FreeRTOS/timers.o
 .text.prvSwitchTimerLists
                0x000000000800855c       0xc8 ./FreeRTOS/timers.o
 .text.prvCheckForValidListAndQueue
                0x0000000008008624       0x6c ./FreeRTOS/timers.o
 .text.pxPortInitialiseStack
                0x0000000008008690       0x68 ./FreeRTOS/portable/ARM_CM4F/port.o
                0x0000000008008690                pxPortInitialiseStack
 .text.prvTaskExitError
                0x00000000080086f8       0x58 ./FreeRTOS/portable/ARM_CM4F/port.o
 .text.SVC_Handler
                0x0000000008008750       0x28 ./FreeRTOS/portable/ARM_CM4F/port.o
                0x0000000008008750                SVC_Handler
 .text.prvPortStartFirstTask
                0x0000000008008778       0x28 ./FreeRTOS/portable/ARM_CM4F/port.o
 .text.xPortStartScheduler
                0x00000000080087a0      0x144 ./FreeRTOS/portable/ARM_CM4F/port.o
                0x00000000080087a0                xPortStartScheduler
 .text.vPortEnterCritical
                0x00000000080088e4       0x60 ./FreeRTOS/portable/ARM_CM4F/port.o
                0x00000000080088e4                vPortEnterCritical
 .text.vPortExitCritical
                0x0000000008008944       0x54 ./FreeRTOS/portable/ARM_CM4F/port.o
                0x0000000008008944                vPortExitCritical
 *fill*         0x0000000008008998        0x8 
 .text.PendSV_Handler
                0x00000000080089a0       0x68 ./FreeRTOS/portable/ARM_CM4F/port.o
                0x00000000080089a0                PendSV_Handler
 .text.SysTick_Handler
                0x0000000008008a08       0x44 ./FreeRTOS/portable/ARM_CM4F/port.o
                0x0000000008008a08                SysTick_Handler
 .text.vPortSetupTimerInterrupt
                0x0000000008008a4c       0x48 ./FreeRTOS/portable/ARM_CM4F/port.o
                0x0000000008008a4c                vPortSetupTimerInterrupt
 .text.vPortEnableVFP
                0x0000000008008a94       0x14 ./FreeRTOS/portable/ARM_CM4F/port.o
 .text.vPortValidateInterruptPriority
                0x0000000008008aa8       0x80 ./FreeRTOS/portable/ARM_CM4F/port.o
                0x0000000008008aa8                vPortValidateInterruptPriority
 .text.pvPortMalloc
                0x0000000008008b28      0x188 ./FreeRTOS/portable/MemMang/heap_4.o
                0x0000000008008b28                pvPortMalloc
 .text.vPortFree
                0x0000000008008cb0       0xb4 ./FreeRTOS/portable/MemMang/heap_4.o
                0x0000000008008cb0                vPortFree
 .text.prvHeapInit
                0x0000000008008d64       0xc4 ./FreeRTOS/portable/MemMang/heap_4.o
 .text.prvInsertBlockIntoFreeList
                0x0000000008008e28       0xb4 ./FreeRTOS/portable/MemMang/heap_4.o
 .text.__errno  0x0000000008008edc        0xc /opt/st/stm32cubeide_1.11.0/plugins/com.st.stm32cube.ide.mcu.externaltools.gnu-tools-for-stm32.10.3-2021.10.linux64_1.0.100.202210260954/tools/bin/../lib/gcc/arm-none-eabi/10.3.1/../../../../arm-none-eabi/lib/thumb/v7e-m+fp/hard/libc_nano.a(lib_a-errno.o)
                0x0000000008008edc                __errno
 .text.__libc_init_array
                0x0000000008008ee8       0x48 /opt/st/stm32cubeide_1.11.0/plugins/com.st.stm32cube.ide.mcu.externaltools.gnu-tools-for-stm32.10.3-2021.10.linux64_1.0.100.202210260954/tools/bin/../lib/gcc/arm-none-eabi/10.3.1/../../../../arm-none-eabi/lib/thumb/v7e-m+fp/hard/libc_nano.a(lib_a-init.o)
                0x0000000008008ee8                __libc_init_array
 .text.memcpy   0x0000000008008f30       0x1c /opt/st/stm32cubeide_1.11.0/plugins/com.st.stm32cube.ide.mcu.externaltools.gnu-tools-for-stm32.10.3-2021.10.linux64_1.0.100.202210260954/tools/bin/../lib/gcc/arm-none-eabi/10.3.1/../../../../arm-none-eabi/lib/thumb/v7e-m+fp/hard/libc_nano.a(lib_a-memcpy-stub.o)
                0x0000000008008f30                memcpy
 .text.memmove  0x0000000008008f4c       0x34 /opt/st/stm32cubeide_1.11.0/plugins/com.st.stm32cube.ide.mcu.externaltools.gnu-tools-for-stm32.10.3-2021.10.linux64_1.0.100.202210260954/tools/bin/../lib/gcc/arm-none-eabi/10.3.1/../../../../arm-none-eabi/lib/thumb/v7e-m+fp/hard/libc_nano.a(lib_a-memmove.o)
                0x0000000008008f4c                memmove
 .text.memset   0x0000000008008f80       0x10 /opt/st/stm32cubeide_1.11.0/plugins/com.st.stm32cube.ide.mcu.externaltools.gnu-tools-for-stm32.10.3-2021.10.linux64_1.0.100.202210260954/tools/bin/../lib/gcc/arm-none-eabi/10.3.1/../../../../arm-none-eabi/lib/thumb/v7e-m+fp/hard/libc_nano.a(lib_a-memset.o)
                0x0000000008008f80                memset
 .text.__cvt    0x0000000008008f90       0xc4 /opt/st/stm32cubeide_1.11.0/plugins/com.st.stm32cube.ide.mcu.externaltools.gnu-tools-for-stm32.10.3-2021.10.linux64_1.0.100.202210260954/tools/bin/../lib/gcc/arm-none-eabi/10.3.1/../../../../arm-none-eabi/lib/thumb/v7e-m+fp/hard/libc_nano.a(lib_a-nano-vfprintf_float.o)
                0x0000000008008f90                __cvt
 .text.__exponent
                0x0000000008009054       0x7c /opt/st/stm32cubeide_1.11.0/plugins/com.st.stm32cube.ide.mcu.externaltools.gnu-tools-for-stm32.10.3-2021.10.linux64_1.0.100.202210260954/tools/bin/../lib/gcc/arm-none-eabi/10.3.1/../../../../arm-none-eabi/lib/thumb/v7e-m+fp/hard/libc_nano.a(lib_a-nano-vfprintf_float.o)
                0x0000000008009054                __exponent
 .text._printf_float
                0x00000000080090d0      0x46c /opt/st/stm32cubeide_1.11.0/plugins/com.st.stm32cube.ide.mcu.externaltools.gnu-tools-for-stm32.10.3-2021.10.linux64_1.0.100.202210260954/tools/bin/../lib/gcc/arm-none-eabi/10.3.1/../../../../arm-none-eabi/lib/thumb/v7e-m+fp/hard/libc_nano.a(lib_a-nano-vfprintf_float.o)
                0x00000000080090d0                _printf_float
 .text._printf_common
                0x000000000800953c       0xda /opt/st/stm32cubeide_1.11.0/plugins/com.st.stm32cube.ide.mcu.externaltools.gnu-tools-for-stm32.10.3-2021.10.linux64_1.0.100.202210260954/tools/bin/../lib/gcc/arm-none-eabi/10.3.1/../../../../arm-none-eabi/lib/thumb/v7e-m+fp/hard/libc_nano.a(lib_a-nano-vfprintf_i.o)
                0x000000000800953c                _printf_common
 *fill*         0x0000000008009616        0x2 
 .text._printf_i
                0x0000000008009618      0x24c /opt/st/stm32cubeide_1.11.0/plugins/com.st.stm32cube.ide.mcu.externaltools.gnu-tools-for-stm32.10.3-2021.10.linux64_1.0.100.202210260954/tools/bin/../lib/gcc/arm-none-eabi/10.3.1/../../../../arm-none-eabi/lib/thumb/v7e-m+fp/hard/libc_nano.a(lib_a-nano-vfprintf_i.o)
                0x0000000008009618                _printf_i
 .text._scanf_float
                0x0000000008009864      0x420 /opt/st/stm32cubeide_1.11.0/plugins/com.st.stm32cube.ide.mcu.externaltools.gnu-tools-for-stm32.10.3-2021.10.linux64_1.0.100.202210260954/tools/bin/../lib/gcc/arm-none-eabi/10.3.1/../../../../arm-none-eabi/lib/thumb/v7e-m+fp/hard/libc_nano.a(lib_a-nano-vfscanf_float.o)
                0x0000000008009864                _scanf_float
 .text.nanf     0x0000000008009c84        0xc /opt/st/stm32cubeide_1.11.0/plugins/com.st.stm32cube.ide.mcu.externaltools.gnu-tools-for-stm32.10.3-2021.10.linux64_1.0.100.202210260954/tools/bin/../lib/gcc/arm-none-eabi/10.3.1/../../../../arm-none-eabi/lib/thumb/v7e-m+fp/hard/libc_nano.a(lib_a-sf_nan.o)
                0x0000000008009c84                nanf
 .text.sprintf  0x0000000008009c90       0x40 /opt/st/stm32cubeide_1.11.0/plugins/com.st.stm32cube.ide.mcu.externaltools.gnu-tools-for-stm32.10.3-2021.10.linux64_1.0.100.202210260954/tools/bin/../lib/gcc/arm-none-eabi/10.3.1/../../../../arm-none-eabi/lib/thumb/v7e-m+fp/hard/libc_nano.a(lib_a-sprintf.o)
                0x0000000008009c90                sprintf
                0x0000000008009c90                siprintf
 .text.sulp     0x0000000008009cd0       0x38 /opt/st/stm32cubeide_1.11.0/plugins/com.st.stm32cube.ide.mcu.externaltools.gnu-tools-for-stm32.10.3-2021.10.linux64_1.0.100.202210260954/tools/bin/../lib/gcc/arm-none-eabi/10.3.1/../../../../arm-none-eabi/lib/thumb/v7e-m+fp/hard/libc_nano.a(lib_a-strtod.o)
 .text._strtod_l
                0x0000000008009d08      0xc0c /opt/st/stm32cubeide_1.11.0/plugins/com.st.stm32cube.ide.mcu.externaltools.gnu-tools-for-stm32.10.3-2021.10.linux64_1.0.100.202210260954/tools/bin/../lib/gcc/arm-none-eabi/10.3.1/../../../../arm-none-eabi/lib/thumb/v7e-m+fp/hard/libc_nano.a(lib_a-strtod.o)
                0x0000000008009d08                _strtod_l
 .text._strtod_r
                0x000000000800a914        0xc /opt/st/stm32cubeide_1.11.0/plugins/com.st.stm32cube.ide.mcu.externaltools.gnu-tools-for-stm32.10.3-2021.10.linux64_1.0.100.202210260954/tools/bin/../lib/gcc/arm-none-eabi/10.3.1/../../../../arm-none-eabi/lib/thumb/v7e-m+fp/hard/libc_nano.a(lib_a-strtod.o)
                0x000000000800a914                _strtod_r
 .text._strtol_l.constprop.0
                0x000000000800a920      0x104 /opt/st/stm32cubeide_1.11.0/plugins/com.st.stm32cube.ide.mcu.externaltools.gnu-tools-for-stm32.10.3-2021.10.linux64_1.0.100.202210260954/tools/bin/../lib/gcc/arm-none-eabi/10.3.1/../../../../arm-none-eabi/lib/thumb/v7e-m+fp/hard/libc_nano.a(lib_a-strtol.o)
 .text._strtol_r
                0x000000000800aa24        0x4 /opt/st/stm32cubeide_1.11.0/plugins/com.st.stm32cube.ide.mcu.externaltools.gnu-tools-for-stm32.10.3-2021.10.linux64_1.0.100.202210260954/tools/bin/../lib/gcc/arm-none-eabi/10.3.1/../../../../arm-none-eabi/lib/thumb/v7e-m+fp/hard/libc_nano.a(lib_a-strtol.o)
                0x000000000800aa24                _strtol_r
 .text.quorem   0x000000000800aa28      0x116 /opt/st/stm32cubeide_1.11.0/plugins/com.st.stm32cube.ide.mcu.externaltools.gnu-tools-for-stm32.10.3-2021.10.linux64_1.0.100.202210260954/tools/bin/../lib/gcc/arm-none-eabi/10.3.1/../../../../arm-none-eabi/lib/thumb/v7e-m+fp/hard/libc_nano.a(lib_a-dtoa.o)
 *fill*         0x000000000800ab3e        0x2 
 .text._dtoa_r  0x000000000800ab40      0xbdc /opt/st/stm32cubeide_1.11.0/plugins/com.st.stm32cube.ide.mcu.externaltools.gnu-tools-for-stm32.10.3-2021.10.linux64_1.0.100.202210260954/tools/bin/../lib/gcc/arm-none-eabi/10.3.1/../../../../arm-none-eabi/lib/thumb/v7e-m+fp/hard/libc_nano.a(lib_a-dtoa.o)
                0x000000000800ab40                _dtoa_r
 .text.rshift   0x000000000800b71c       0xa4 /opt/st/stm32cubeide_1.11.0/plugins/com.st.stm32cube.ide.mcu.externaltools.gnu-tools-for-stm32.10.3-2021.10.linux64_1.0.100.202210260954/tools/bin/../lib/gcc/arm-none-eabi/10.3.1/../../../../arm-none-eabi/lib/thumb/v7e-m+fp/hard/libc_nano.a(lib_a-gdtoa-gethex.o)
 .text.__hexdig_fun
                0x000000000800b7c0       0x2a /opt/st/stm32cubeide_1.11.0/plugins/com.st.stm32cube.ide.mcu.externaltools.gnu-tools-for-stm32.10.3-2021.10.linux64_1.0.100.202210260954/tools/bin/../lib/gcc/arm-none-eabi/10.3.1/../../../../arm-none-eabi/lib/thumb/v7e-m+fp/hard/libc_nano.a(lib_a-gdtoa-gethex.o)
                0x000000000800b7c0                __hexdig_fun
 *fill*         0x000000000800b7ea        0x2 
 .text.__gethex
                0x000000000800b7ec      0x48c /opt/st/stm32cubeide_1.11.0/plugins/com.st.stm32cube.ide.mcu.externaltools.gnu-tools-for-stm32.10.3-2021.10.linux64_1.0.100.202210260954/tools/bin/../lib/gcc/arm-none-eabi/10.3.1/../../../../arm-none-eabi/lib/thumb/v7e-m+fp/hard/libc_nano.a(lib_a-gdtoa-gethex.o)
                0x000000000800b7ec                __gethex
 .text.L_shift  0x000000000800bc78       0x24 /opt/st/stm32cubeide_1.11.0/plugins/com.st.stm32cube.ide.mcu.externaltools.gnu-tools-for-stm32.10.3-2021.10.linux64_1.0.100.202210260954/tools/bin/../lib/gcc/arm-none-eabi/10.3.1/../../../../arm-none-eabi/lib/thumb/v7e-m+fp/hard/libc_nano.a(lib_a-gdtoa-hexnan.o)
 .text.__match  0x000000000800bc9c       0x28 /opt/st/stm32cubeide_1.11.0/plugins/com.st.stm32cube.ide.mcu.externaltools.gnu-tools-for-stm32.10.3-2021.10.linux64_1.0.100.202210260954/tools/bin/../lib/gcc/arm-none-eabi/10.3.1/../../../../arm-none-eabi/lib/thumb/v7e-m+fp/hard/libc_nano.a(lib_a-gdtoa-hexnan.o)
                0x000000000800bc9c                __match
 .text.__hexnan
                0x000000000800bcc4      0x138 /opt/st/stm32cubeide_1.11.0/plugins/com.st.stm32cube.ide.mcu.externaltools.gnu-tools-for-stm32.10.3-2021.10.linux64_1.0.100.202210260954/tools/bin/../lib/gcc/arm-none-eabi/10.3.1/../../../../arm-none-eabi/lib/thumb/v7e-m+fp/hard/libc_nano.a(lib_a-gdtoa-hexnan.o)
                0x000000000800bcc4                __hexnan
 .text._localeconv_r
                0x000000000800bdfc        0x8 /opt/st/stm32cubeide_1.11.0/plugins/com.st.stm32cube.ide.mcu.externaltools.gnu-tools-for-stm32.10.3-2021.10.linux64_1.0.100.202210260954/tools/bin/../lib/gcc/arm-none-eabi/10.3.1/../../../../arm-none-eabi/lib/thumb/v7e-m+fp/hard/libc_nano.a(lib_a-localeconv.o)
                0x000000000800bdfc                _localeconv_r
 .text.malloc   0x000000000800be04       0x10 /opt/st/stm32cubeide_1.11.0/plugins/com.st.stm32cube.ide.mcu.externaltools.gnu-tools-for-stm32.10.3-2021.10.linux64_1.0.100.202210260954/tools/bin/../lib/gcc/arm-none-eabi/10.3.1/../../../../arm-none-eabi/lib/thumb/v7e-m+fp/hard/libc_nano.a(lib_a-malloc.o)
                0x000000000800be04                malloc
 .text.__ascii_mbtowc
                0x000000000800be14       0x24 /opt/st/stm32cubeide_1.11.0/plugins/com.st.stm32cube.ide.mcu.externaltools.gnu-tools-for-stm32.10.3-2021.10.linux64_1.0.100.202210260954/tools/bin/../lib/gcc/arm-none-eabi/10.3.1/../../../../arm-none-eabi/lib/thumb/v7e-m+fp/hard/libc_nano.a(lib_a-mbtowc_r.o)
                0x000000000800be14                __ascii_mbtowc
 .text._Balloc  0x000000000800be38       0x80 /opt/st/stm32cubeide_1.11.0/plugins/com.st.stm32cube.ide.mcu.externaltools.gnu-tools-for-stm32.10.3-2021.10.linux64_1.0.100.202210260954/tools/bin/../lib/gcc/arm-none-eabi/10.3.1/../../../../arm-none-eabi/lib/thumb/v7e-m+fp/hard/libc_nano.a(lib_a-mprec.o)
                0x000000000800be38                _Balloc
 .text._Bfree   0x000000000800beb8       0x44 /opt/st/stm32cubeide_1.11.0/plugins/com.st.stm32cube.ide.mcu.externaltools.gnu-tools-for-stm32.10.3-2021.10.linux64_1.0.100.202210260954/tools/bin/../lib/gcc/arm-none-eabi/10.3.1/../../../../arm-none-eabi/lib/thumb/v7e-m+fp/hard/libc_nano.a(lib_a-mprec.o)
                0x000000000800beb8                _Bfree
 .text.__multadd
                0x000000000800befc       0x8c /opt/st/stm32cubeide_1.11.0/plugins/com.st.stm32cube.ide.mcu.externaltools.gnu-tools-for-stm32.10.3-2021.10.linux64_1.0.100.202210260954/tools/bin/../lib/gcc/arm-none-eabi/10.3.1/../../../../arm-none-eabi/lib/thumb/v7e-m+fp/hard/libc_nano.a(lib_a-mprec.o)
                0x000000000800befc                __multadd
 .text.__s2b    0x000000000800bf88       0x94 /opt/st/stm32cubeide_1.11.0/plugins/com.st.stm32cube.ide.mcu.externaltools.gnu-tools-for-stm32.10.3-2021.10.linux64_1.0.100.202210260954/tools/bin/../lib/gcc/arm-none-eabi/10.3.1/../../../../arm-none-eabi/lib/thumb/v7e-m+fp/hard/libc_nano.a(lib_a-mprec.o)
                0x000000000800bf88                __s2b
 .text.__hi0bits
                0x000000000800c01c       0x40 /opt/st/stm32cubeide_1.11.0/plugins/com.st.stm32cube.ide.mcu.externaltools.gnu-tools-for-stm32.10.3-2021.10.linux64_1.0.100.202210260954/tools/bin/../lib/gcc/arm-none-eabi/10.3.1/../../../../arm-none-eabi/lib/thumb/v7e-m+fp/hard/libc_nano.a(lib_a-mprec.o)
                0x000000000800c01c                __hi0bits
 .text.__lo0bits
                0x000000000800c05c       0x5e /opt/st/stm32cubeide_1.11.0/plugins/com.st.stm32cube.ide.mcu.externaltools.gnu-tools-for-stm32.10.3-2021.10.linux64_1.0.100.202210260954/tools/bin/../lib/gcc/arm-none-eabi/10.3.1/../../../../arm-none-eabi/lib/thumb/v7e-m+fp/hard/libc_nano.a(lib_a-mprec.o)
                0x000000000800c05c                __lo0bits
 *fill*         0x000000000800c0ba        0x2 
 .text.__i2b    0x000000000800c0bc       0x2c /opt/st/stm32cubeide_1.11.0/plugins/com.st.stm32cube.ide.mcu.externaltools.gnu-tools-for-stm32.10.3-2021.10.linux64_1.0.100.202210260954/tools/bin/../lib/gcc/arm-none-eabi/10.3.1/../../../../arm-none-eabi/lib/thumb/v7e-m+fp/hard/libc_nano.a(lib_a-mprec.o)
                0x000000000800c0bc                __i2b
 .text.__multiply
                0x000000000800c0e8      0x154 /opt/st/stm32cubeide_1.11.0/plugins/com.st.stm32cube.ide.mcu.externaltools.gnu-tools-for-stm32.10.3-2021.10.linux64_1.0.100.202210260954/tools/bin/../lib/gcc/arm-none-eabi/10.3.1/../../../../arm-none-eabi/lib/thumb/v7e-m+fp/hard/libc_nano.a(lib_a-mprec.o)
                0x000000000800c0e8                __multiply
 .text.__pow5mult
                0x000000000800c23c       0xb4 /opt/st/stm32cubeide_1.11.0/plugins/com.st.stm32cube.ide.mcu.externaltools.gnu-tools-for-stm32.10.3-2021.10.linux64_1.0.100.202210260954/tools/bin/../lib/gcc/arm-none-eabi/10.3.1/../../../../arm-none-eabi/lib/thumb/v7e-m+fp/hard/libc_nano.a(lib_a-mprec.o)
                0x000000000800c23c                __pow5mult
 .text.__lshift
                0x000000000800c2f0       0xe0 /opt/st/stm32cubeide_1.11.0/plugins/com.st.stm32cube.ide.mcu.externaltools.gnu-tools-for-stm32.10.3-2021.10.linux64_1.0.100.202210260954/tools/bin/../lib/gcc/arm-none-eabi/10.3.1/../../../../arm-none-eabi/lib/thumb/v7e-m+fp/hard/libc_nano.a(lib_a-mprec.o)
                0x000000000800c2f0                __lshift
 .text.__mcmp   0x000000000800c3d0       0x38 /opt/st/stm32cubeide_1.11.0/plugins/com.st.stm32cube.ide.mcu.externaltools.gnu-tools-for-stm32.10.3-2021.10.linux64_1.0.100.202210260954/tools/bin/../lib/gcc/arm-none-eabi/10.3.1/../../../../arm-none-eabi/lib/thumb/v7e-m+fp/hard/libc_nano.a(lib_a-mprec.o)
                0x000000000800c3d0                __mcmp
 .text.__mdiff  0x000000000800c408      0x114 /opt/st/stm32cubeide_1.11.0/plugins/com.st.stm32cube.ide.mcu.externaltools.gnu-tools-for-stm32.10.3-2021.10.linux64_1.0.100.202210260954/tools/bin/../lib/gcc/arm-none-eabi/10.3.1/../../../../arm-none-eabi/lib/thumb/v7e-m+fp/hard/libc_nano.a(lib_a-mprec.o)
                0x000000000800c408                __mdiff
 .text.__ulp    0x000000000800c51c       0x58 /opt/st/stm32cubeide_1.11.0/plugins/com.st.stm32cube.ide.mcu.externaltools.gnu-tools-for-stm32.10.3-2021.10.linux64_1.0.100.202210260954/tools/bin/../lib/gcc/arm-none-eabi/10.3.1/../../../../arm-none-eabi/lib/thumb/v7e-m+fp/hard/libc_nano.a(lib_a-mprec.o)
                0x000000000800c51c                __ulp
 .text.__b2d    0x000000000800c574       0xa0 /opt/st/stm32cubeide_1.11.0/plugins/com.st.stm32cube.ide.mcu.externaltools.gnu-tools-for-stm32.10.3-2021.10.linux64_1.0.100.202210260954/tools/bin/../lib/gcc/arm-none-eabi/10.3.1/../../../../arm-none-eabi/lib/thumb/v7e-m+fp/hard/libc_nano.a(lib_a-mprec.o)
                0x000000000800c574                __b2d
 .text.__d2b    0x000000000800c614       0xb8 /opt/st/stm32cubeide_1.11.0/plugins/com.st.stm32cube.ide.mcu.externaltools.gnu-tools-for-stm32.10.3-2021.10.linux64_1.0.100.202210260954/tools/bin/../lib/gcc/arm-none-eabi/10.3.1/../../../../arm-none-eabi/lib/thumb/v7e-m+fp/hard/libc_nano.a(lib_a-mprec.o)
                0x000000000800c614                __d2b
 .text.__ratio  0x000000000800c6cc       0x66 /opt/st/stm32cubeide_1.11.0/plugins/com.st.stm32cube.ide.mcu.externaltools.gnu-tools-for-stm32.10.3-2021.10.linux64_1.0.100.202210260954/tools/bin/../lib/gcc/arm-none-eabi/10.3.1/../../../../arm-none-eabi/lib/thumb/v7e-m+fp/hard/libc_nano.a(lib_a-mprec.o)
                0x000000000800c6cc                __ratio
 .text.__copybits
                0x000000000800c732       0x46 /opt/st/stm32cubeide_1.11.0/plugins/com.st.stm32cube.ide.mcu.externaltools.gnu-tools-for-stm32.10.3-2021.10.linux64_1.0.100.202210260954/tools/bin/../lib/gcc/arm-none-eabi/10.3.1/../../../../arm-none-eabi/lib/thumb/v7e-m+fp/hard/libc_nano.a(lib_a-mprec.o)
                0x000000000800c732                __copybits
 .text.__any_on
                0x000000000800c778       0x42 /opt/st/stm32cubeide_1.11.0/plugins/com.st.stm32cube.ide.mcu.externaltools.gnu-tools-for-stm32.10.3-2021.10.linux64_1.0.100.202210260954/tools/bin/../lib/gcc/arm-none-eabi/10.3.1/../../../../arm-none-eabi/lib/thumb/v7e-m+fp/hard/libc_nano.a(lib_a-mprec.o)
                0x000000000800c778                __any_on
 .text._calloc_r
                0x000000000800c7ba       0x2c /opt/st/stm32cubeide_1.11.0/plugins/com.st.stm32cube.ide.mcu.externaltools.gnu-tools-for-stm32.10.3-2021.10.linux64_1.0.100.202210260954/tools/bin/../lib/gcc/arm-none-eabi/10.3.1/../../../../arm-none-eabi/lib/thumb/v7e-m+fp/hard/libc_nano.a(lib_a-nano-callocr.o)
                0x000000000800c7ba                _calloc_r
 *fill*         0x000000000800c7e6        0x2 
 .text._free_r  0x000000000800c7e8       0x98 /opt/st/stm32cubeide_1.11.0/plugins/com.st.stm32cube.ide.mcu.externaltools.gnu-tools-for-stm32.10.3-2021.10.linux64_1.0.100.202210260954/tools/bin/../lib/gcc/arm-none-eabi/10.3.1/../../../../arm-none-eabi/lib/thumb/v7e-m+fp/hard/libc_nano.a(lib_a-nano-freer.o)
                0x000000000800c7e8                _free_r
 .text.sbrk_aligned
                0x000000000800c880       0x40 /opt/st/stm32cubeide_1.11.0/plugins/com.st.stm32cube.ide.mcu.externaltools.gnu-tools-for-stm32.10.3-2021.10.linux64_1.0.100.202210260954/tools/bin/../lib/gcc/arm-none-eabi/10.3.1/../../../../arm-none-eabi/lib/thumb/v7e-m+fp/hard/libc_nano.a(lib_a-nano-mallocr.o)
 .text._malloc_r
                0x000000000800c8c0       0xe8 /opt/st/stm32cubeide_1.11.0/plugins/com.st.stm32cube.ide.mcu.externaltools.gnu-tools-for-stm32.10.3-2021.10.linux64_1.0.100.202210260954/tools/bin/../lib/gcc/arm-none-eabi/10.3.1/../../../../arm-none-eabi/lib/thumb/v7e-m+fp/hard/libc_nano.a(lib_a-nano-mallocr.o)
                0x000000000800c8c0                _malloc_r
 .text.__ssputs_r
                0x000000000800c9a8       0xb6 /opt/st/stm32cubeide_1.11.0/plugins/com.st.stm32cube.ide.mcu.externaltools.gnu-tools-for-stm32.10.3-2021.10.linux64_1.0.100.202210260954/tools/bin/../lib/gcc/arm-none-eabi/10.3.1/../../../../arm-none-eabi/lib/thumb/v7e-m+fp/hard/libc_nano.a(lib_a-nano-svfprintf.o)
                0x000000000800c9a8                __ssputs_r
 *fill*         0x000000000800ca5e        0x2 
 .text._svfprintf_r
                0x000000000800ca60      0x200 /opt/st/stm32cubeide_1.11.0/plugins/com.st.stm32cube.ide.mcu.externaltools.gnu-tools-for-stm32.10.3-2021.10.linux64_1.0.100.202210260954/tools/bin/../lib/gcc/arm-none-eabi/10.3.1/../../../../arm-none-eabi/lib/thumb/v7e-m+fp/hard/libc_nano.a(lib_a-nano-svfprintf.o)
                0x000000000800ca60                _svfprintf_r
                0x000000000800ca60                _svfiprintf_r
 .text.nan      0x000000000800cc60       0x10 /opt/st/stm32cubeide_1.11.0/plugins/com.st.stm32cube.ide.mcu.externaltools.gnu-tools-for-stm32.10.3-2021.10.linux64_1.0.100.202210260954/tools/bin/../lib/gcc/arm-none-eabi/10.3.1/../../../../arm-none-eabi/lib/thumb/v7e-m+fp/hard/libc_nano.a(lib_a-s_nan.o)
                0x000000000800cc60                nan
 .text._sbrk_r  0x000000000800cc70       0x20 /opt/st/stm32cubeide_1.11.0/plugins/com.st.stm32cube.ide.mcu.externaltools.gnu-tools-for-stm32.10.3-2021.10.linux64_1.0.100.202210260954/tools/bin/../lib/gcc/arm-none-eabi/10.3.1/../../../../arm-none-eabi/lib/thumb/v7e-m+fp/hard/libc_nano.a(lib_a-sbrkr.o)
                0x000000000800cc70                _sbrk_r
 .text.strncmp  0x000000000800cc90       0x28 /opt/st/stm32cubeide_1.11.0/plugins/com.st.stm32cube.ide.mcu.externaltools.gnu-tools-for-stm32.10.3-2021.10.linux64_1.0.100.202210260954/tools/bin/../lib/gcc/arm-none-eabi/10.3.1/../../../../arm-none-eabi/lib/thumb/v7e-m+fp/hard/libc_nano.a(lib_a-strncmp.o)
                0x000000000800cc90                strncmp
 .text.__ascii_wctomb
                0x000000000800ccb8       0x1a /opt/st/stm32cubeide_1.11.0/plugins/com.st.stm32cube.ide.mcu.externaltools.gnu-tools-for-stm32.10.3-2021.10.linux64_1.0.100.202210260954/tools/bin/../lib/gcc/arm-none-eabi/10.3.1/../../../../arm-none-eabi/lib/thumb/v7e-m+fp/hard/libc_nano.a(lib_a-wctomb_r.o)
                0x000000000800ccb8                __ascii_wctomb
 *fill*         0x000000000800ccd2        0x2 
 .text.__assert_func
                0x000000000800ccd4       0x3c /opt/st/stm32cubeide_1.11.0/plugins/com.st.stm32cube.ide.mcu.externaltools.gnu-tools-for-stm32.10.3-2021.10.linux64_1.0.100.202210260954/tools/bin/../lib/gcc/arm-none-eabi/10.3.1/../../../../arm-none-eabi/lib/thumb/v7e-m+fp/hard/libc_nano.a(lib_a-assert.o)
                0x000000000800ccd4                __assert_func
 .text.fprintf  0x000000000800cd10       0x24 /opt/st/stm32cubeide_1.11.0/plugins/com.st.stm32cube.ide.mcu.externaltools.gnu-tools-for-stm32.10.3-2021.10.linux64_1.0.100.202210260954/tools/bin/../lib/gcc/arm-none-eabi/10.3.1/../../../../arm-none-eabi/lib/thumb/v7e-m+fp/hard/libc_nano.a(lib_a-fprintf.o)
                0x000000000800cd10                fprintf
                0x000000000800cd10                fiprintf
 .text.__malloc_lock
                0x000000000800cd34        0xc /opt/st/stm32cubeide_1.11.0/plugins/com.st.stm32cube.ide.mcu.externaltools.gnu-tools-for-stm32.10.3-2021.10.linux64_1.0.100.202210260954/tools/bin/../lib/gcc/arm-none-eabi/10.3.1/../../../../arm-none-eabi/lib/thumb/v7e-m+fp/hard/libc_nano.a(lib_a-mlock.o)
                0x000000000800cd34                __malloc_lock
 .text.__malloc_unlock
                0x000000000800cd40        0xc /opt/st/stm32cubeide_1.11.0/plugins/com.st.stm32cube.ide.mcu.externaltools.gnu-tools-for-stm32.10.3-2021.10.linux64_1.0.100.202210260954/tools/bin/../lib/gcc/arm-none-eabi/10.3.1/../../../../arm-none-eabi/lib/thumb/v7e-m+fp/hard/libc_nano.a(lib_a-mlock.o)
                0x000000000800cd40                __malloc_unlock
 .text._realloc_r
                0x000000000800cd4c       0x5e /opt/st/stm32cubeide_1.11.0/plugins/com.st.stm32cube.ide.mcu.externaltools.gnu-tools-for-stm32.10.3-2021.10.linux64_1.0.100.202210260954/tools/bin/../lib/gcc/arm-none-eabi/10.3.1/../../../../arm-none-eabi/lib/thumb/v7e-m+fp/hard/libc_nano.a(lib_a-nano-reallocr.o)
                0x000000000800cd4c                _realloc_r
 .text.__sfputc_r
                0x000000000800cdaa       0x2e /opt/st/stm32cubeide_1.11.0/plugins/com.st.stm32cube.ide.mcu.externaltools.gnu-tools-for-stm32.10.3-2021.10.linux64_1.0.100.202210260954/tools/bin/../lib/gcc/arm-none-eabi/10.3.1/../../../../arm-none-eabi/lib/thumb/v7e-m+fp/hard/libc_nano.a(lib_a-nano-vfprintf.o)
 .text.__sfputs_r
                0x000000000800cdd8       0x24 /opt/st/stm32cubeide_1.11.0/plugins/com.st.stm32cube.ide.mcu.externaltools.gnu-tools-for-stm32.10.3-2021.10.linux64_1.0.100.202210260954/tools/bin/../lib/gcc/arm-none-eabi/10.3.1/../../../../arm-none-eabi/lib/thumb/v7e-m+fp/hard/libc_nano.a(lib_a-nano-vfprintf.o)
                0x000000000800cdd8                __sfputs_r
 .text._vfprintf_r
                0x000000000800cdfc      0x260 /opt/st/stm32cubeide_1.11.0/plugins/com.st.stm32cube.ide.mcu.externaltools.gnu-tools-for-stm32.10.3-2021.10.linux64_1.0.100.202210260954/tools/bin/../lib/gcc/arm-none-eabi/10.3.1/../../../../arm-none-eabi/lib/thumb/v7e-m+fp/hard/libc_nano.a(lib_a-nano-vfprintf.o)
                0x000000000800cdfc                _vfiprintf_r
                0x000000000800cdfc                _vfprintf_r
 .text.__swbuf_r
                0x000000000800d05c       0xa4 /opt/st/stm32cubeide_1.11.0/plugins/com.st.stm32cube.ide.mcu.externaltools.gnu-tools-for-stm32.10.3-2021.10.linux64_1.0.100.202210260954/tools/bin/../lib/gcc/arm-none-eabi/10.3.1/../../../../arm-none-eabi/lib/thumb/v7e-m+fp/hard/libc_nano.a(lib_a-wbuf.o)
                0x000000000800d05c                __swbuf_r
 .text.__swsetup_r
                0x000000000800d100       0xdc /opt/st/stm32cubeide_1.11.0/plugins/com.st.stm32cube.ide.mcu.externaltools.gnu-tools-for-stm32.10.3-2021.10.linux64_1.0.100.202210260954/tools/bin/../lib/gcc/arm-none-eabi/10.3.1/../../../../arm-none-eabi/lib/thumb/v7e-m+fp/hard/libc_nano.a(lib_a-wsetup.o)
                0x000000000800d100                __swsetup_r
 .text.abort    0x000000000800d1dc        0xe /opt/st/stm32cubeide_1.11.0/plugins/com.st.stm32cube.ide.mcu.externaltools.gnu-tools-for-stm32.10.3-2021.10.linux64_1.0.100.202210260954/tools/bin/../lib/gcc/arm-none-eabi/10.3.1/../../../../arm-none-eabi/lib/thumb/v7e-m+fp/hard/libc_nano.a(lib_a-abort.o)
                0x000000000800d1dc                abort
 *fill*         0x000000000800d1ea        0x2 
 .text.__sflush_r
                0x000000000800d1ec      0x10c /opt/st/stm32cubeide_1.11.0/plugins/com.st.stm32cube.ide.mcu.externaltools.gnu-tools-for-stm32.10.3-2021.10.linux64_1.0.100.202210260954/tools/bin/../lib/gcc/arm-none-eabi/10.3.1/../../../../arm-none-eabi/lib/thumb/v7e-m+fp/hard/libc_nano.a(lib_a-fflush.o)
                0x000000000800d1ec                __sflush_r
 .text._fflush_r
                0x000000000800d2f8       0x78 /opt/st/stm32cubeide_1.11.0/plugins/com.st.stm32cube.ide.mcu.externaltools.gnu-tools-for-stm32.10.3-2021.10.linux64_1.0.100.202210260954/tools/bin/../lib/gcc/arm-none-eabi/10.3.1/../../../../arm-none-eabi/lib/thumb/v7e-m+fp/hard/libc_nano.a(lib_a-fflush.o)
                0x000000000800d2f8                _fflush_r
 .text.std      0x000000000800d370       0x48 /opt/st/stm32cubeide_1.11.0/plugins/com.st.stm32cube.ide.mcu.externaltools.gnu-tools-for-stm32.10.3-2021.10.linux64_1.0.100.202210260954/tools/bin/../lib/gcc/arm-none-eabi/10.3.1/../../../../arm-none-eabi/lib/thumb/v7e-m+fp/hard/libc_nano.a(lib_a-findfp.o)
 .text._cleanup_r
                0x000000000800d3b8        0xc /opt/st/stm32cubeide_1.11.0/plugins/com.st.stm32cube.ide.mcu.externaltools.gnu-tools-for-stm32.10.3-2021.10.linux64_1.0.100.202210260954/tools/bin/../lib/gcc/arm-none-eabi/10.3.1/../../../../arm-none-eabi/lib/thumb/v7e-m+fp/hard/libc_nano.a(lib_a-findfp.o)
                0x000000000800d3b8                _cleanup_r
 .text.__sfmoreglue
                0x000000000800d3c4       0x2c /opt/st/stm32cubeide_1.11.0/plugins/com.st.stm32cube.ide.mcu.externaltools.gnu-tools-for-stm32.10.3-2021.10.linux64_1.0.100.202210260954/tools/bin/../lib/gcc/arm-none-eabi/10.3.1/../../../../arm-none-eabi/lib/thumb/v7e-m+fp/hard/libc_nano.a(lib_a-findfp.o)
                0x000000000800d3c4                __sfmoreglue
 .text.__sfp_lock_acquire
                0x000000000800d3f0        0xc /opt/st/stm32cubeide_1.11.0/plugins/com.st.stm32cube.ide.mcu.externaltools.gnu-tools-for-stm32.10.3-2021.10.linux64_1.0.100.202210260954/tools/bin/../lib/gcc/arm-none-eabi/10.3.1/../../../../arm-none-eabi/lib/thumb/v7e-m+fp/hard/libc_nano.a(lib_a-findfp.o)
                0x000000000800d3f0                __sfp_lock_acquire
 .text.__sfp_lock_release
                0x000000000800d3fc        0xc /opt/st/stm32cubeide_1.11.0/plugins/com.st.stm32cube.ide.mcu.externaltools.gnu-tools-for-stm32.10.3-2021.10.linux64_1.0.100.202210260954/tools/bin/../lib/gcc/arm-none-eabi/10.3.1/../../../../arm-none-eabi/lib/thumb/v7e-m+fp/hard/libc_nano.a(lib_a-findfp.o)
                0x000000000800d3fc                __sfp_lock_release
 .text.__sinit_lock_acquire
                0x000000000800d408        0xc /opt/st/stm32cubeide_1.11.0/plugins/com.st.stm32cube.ide.mcu.externaltools.gnu-tools-for-stm32.10.3-2021.10.linux64_1.0.100.202210260954/tools/bin/../lib/gcc/arm-none-eabi/10.3.1/../../../../arm-none-eabi/lib/thumb/v7e-m+fp/hard/libc_nano.a(lib_a-findfp.o)
                0x000000000800d408                __sinit_lock_acquire
 .text.__sinit_lock_release
                0x000000000800d414        0xc /opt/st/stm32cubeide_1.11.0/plugins/com.st.stm32cube.ide.mcu.externaltools.gnu-tools-for-stm32.10.3-2021.10.linux64_1.0.100.202210260954/tools/bin/../lib/gcc/arm-none-eabi/10.3.1/../../../../arm-none-eabi/lib/thumb/v7e-m+fp/hard/libc_nano.a(lib_a-findfp.o)
                0x000000000800d414                __sinit_lock_release
 .text.__sinit  0x000000000800d420       0x70 /opt/st/stm32cubeide_1.11.0/plugins/com.st.stm32cube.ide.mcu.externaltools.gnu-tools-for-stm32.10.3-2021.10.linux64_1.0.100.202210260954/tools/bin/../lib/gcc/arm-none-eabi/10.3.1/../../../../arm-none-eabi/lib/thumb/v7e-m+fp/hard/libc_nano.a(lib_a-findfp.o)
                0x000000000800d420                __sinit
 .text.__sfp    0x000000000800d490       0x8c /opt/st/stm32cubeide_1.11.0/plugins/com.st.stm32cube.ide.mcu.externaltools.gnu-tools-for-stm32.10.3-2021.10.linux64_1.0.100.202210260954/tools/bin/../lib/gcc/arm-none-eabi/10.3.1/../../../../arm-none-eabi/lib/thumb/v7e-m+fp/hard/libc_nano.a(lib_a-findfp.o)
                0x000000000800d490                __sfp
 .text._fwalk_reent
                0x000000000800d51c       0x3e /opt/st/stm32cubeide_1.11.0/plugins/com.st.stm32cube.ide.mcu.externaltools.gnu-tools-for-stm32.10.3-2021.10.linux64_1.0.100.202210260954/tools/bin/../lib/gcc/arm-none-eabi/10.3.1/../../../../arm-none-eabi/lib/thumb/v7e-m+fp/hard/libc_nano.a(lib_a-fwalk.o)
                0x000000000800d51c                _fwalk_reent
 .text.__retarget_lock_init_recursive
                0x000000000800d55a        0x2 /opt/st/stm32cubeide_1.11.0/plugins/com.st.stm32cube.ide.mcu.externaltools.gnu-tools-for-stm32.10.3-2021.10.linux64_1.0.100.202210260954/tools/bin/../lib/gcc/arm-none-eabi/10.3.1/../../../../arm-none-eabi/lib/thumb/v7e-m+fp/hard/libc_nano.a(lib_a-lock.o)
                0x000000000800d55a                __retarget_lock_init_recursive
 .text.__retarget_lock_acquire_recursive
                0x000000000800d55c        0x2 /opt/st/stm32cubeide_1.11.0/plugins/com.st.stm32cube.ide.mcu.externaltools.gnu-tools-for-stm32.10.3-2021.10.linux64_1.0.100.202210260954/tools/bin/../lib/gcc/arm-none-eabi/10.3.1/../../../../arm-none-eabi/lib/thumb/v7e-m+fp/hard/libc_nano.a(lib_a-lock.o)
                0x000000000800d55c                __retarget_lock_acquire_recursive
 .text.__retarget_lock_release_recursive
                0x000000000800d55e        0x2 /opt/st/stm32cubeide_1.11.0/plugins/com.st.stm32cube.ide.mcu.externaltools.gnu-tools-for-stm32.10.3-2021.10.linux64_1.0.100.202210260954/tools/bin/../lib/gcc/arm-none-eabi/10.3.1/../../../../arm-none-eabi/lib/thumb/v7e-m+fp/hard/libc_nano.a(lib_a-lock.o)
                0x000000000800d55e                __retarget_lock_release_recursive
 .text.__swhatbuf_r
                0x000000000800d560       0x4a /opt/st/stm32cubeide_1.11.0/plugins/com.st.stm32cube.ide.mcu.externaltools.gnu-tools-for-stm32.10.3-2021.10.linux64_1.0.100.202210260954/tools/bin/../lib/gcc/arm-none-eabi/10.3.1/../../../../arm-none-eabi/lib/thumb/v7e-m+fp/hard/libc_nano.a(lib_a-makebuf.o)
                0x000000000800d560                __swhatbuf_r
 *fill*         0x000000000800d5aa        0x2 
 .text.__smakebuf_r
                0x000000000800d5ac       0x80 /opt/st/stm32cubeide_1.11.0/plugins/com.st.stm32cube.ide.mcu.externaltools.gnu-tools-for-stm32.10.3-2021.10.linux64_1.0.100.202210260954/tools/bin/../lib/gcc/arm-none-eabi/10.3.1/../../../../arm-none-eabi/lib/thumb/v7e-m+fp/hard/libc_nano.a(lib_a-makebuf.o)
                0x000000000800d5ac                __smakebuf_r
 .text._malloc_usable_size_r
                0x000000000800d62c       0x10 /opt/st/stm32cubeide_1.11.0/plugins/com.st.stm32cube.ide.mcu.externaltools.gnu-tools-for-stm32.10.3-2021.10.linux64_1.0.100.202210260954/tools/bin/../lib/gcc/arm-none-eabi/10.3.1/../../../../arm-none-eabi/lib/thumb/v7e-m+fp/hard/libc_nano.a(lib_a-nano-msizer.o)
                0x000000000800d62c                _malloc_usable_size_r
 .text._raise_r
                0x000000000800d63c       0x50 /opt/st/stm32cubeide_1.11.0/plugins/com.st.stm32cube.ide.mcu.externaltools.gnu-tools-for-stm32.10.3-2021.10.linux64_1.0.100.202210260954/tools/bin/../lib/gcc/arm-none-eabi/10.3.1/../../../../arm-none-eabi/lib/thumb/v7e-m+fp/hard/libc_nano.a(lib_a-signal.o)
                0x000000000800d63c                _raise_r
 .text.raise    0x000000000800d68c       0x10 /opt/st/stm32cubeide_1.11.0/plugins/com.st.stm32cube.ide.mcu.externaltools.gnu-tools-for-stm32.10.3-2021.10.linux64_1.0.100.202210260954/tools/bin/../lib/gcc/arm-none-eabi/10.3.1/../../../../arm-none-eabi/lib/thumb/v7e-m+fp/hard/libc_nano.a(lib_a-signal.o)
                0x000000000800d68c                raise
 .text._kill_r  0x000000000800d69c       0x24 /opt/st/stm32cubeide_1.11.0/plugins/com.st.stm32cube.ide.mcu.externaltools.gnu-tools-for-stm32.10.3-2021.10.linux64_1.0.100.202210260954/tools/bin/../lib/gcc/arm-none-eabi/10.3.1/../../../../arm-none-eabi/lib/thumb/v7e-m+fp/hard/libc_nano.a(lib_a-signalr.o)
                0x000000000800d69c                _kill_r
 .text._getpid_r
                0x000000000800d6c0        0x4 /opt/st/stm32cubeide_1.11.0/plugins/com.st.stm32cube.ide.mcu.externaltools.gnu-tools-for-stm32.10.3-2021.10.linux64_1.0.100.202210260954/tools/bin/../lib/gcc/arm-none-eabi/10.3.1/../../../../arm-none-eabi/lib/thumb/v7e-m+fp/hard/libc_nano.a(lib_a-signalr.o)
                0x000000000800d6c0                _getpid_r
 .text.__sread  0x000000000800d6c4       0x22 /opt/st/stm32cubeide_1.11.0/plugins/com.st.stm32cube.ide.mcu.externaltools.gnu-tools-for-stm32.10.3-2021.10.linux64_1.0.100.202210260954/tools/bin/../lib/gcc/arm-none-eabi/10.3.1/../../../../arm-none-eabi/lib/thumb/v7e-m+fp/hard/libc_nano.a(lib_a-stdio.o)
                0x000000000800d6c4                __sread
 .text.__swrite
                0x000000000800d6e6       0x38 /opt/st/stm32cubeide_1.11.0/plugins/com.st.stm32cube.ide.mcu.externaltools.gnu-tools-for-stm32.10.3-2021.10.linux64_1.0.100.202210260954/tools/bin/../lib/gcc/arm-none-eabi/10.3.1/../../../../arm-none-eabi/lib/thumb/v7e-m+fp/hard/libc_nano.a(lib_a-stdio.o)
                0x000000000800d6e6                __swrite
 .text.__sseek  0x000000000800d71e       0x24 /opt/st/stm32cubeide_1.11.0/plugins/com.st.stm32cube.ide.mcu.externaltools.gnu-tools-for-stm32.10.3-2021.10.linux64_1.0.100.202210260954/tools/bin/../lib/gcc/arm-none-eabi/10.3.1/../../../../arm-none-eabi/lib/thumb/v7e-m+fp/hard/libc_nano.a(lib_a-stdio.o)
                0x000000000800d71e                __sseek
 .text.__sclose
                0x000000000800d742        0x8 /opt/st/stm32cubeide_1.11.0/plugins/com.st.stm32cube.ide.mcu.externaltools.gnu-tools-for-stm32.10.3-2021.10.linux64_1.0.100.202210260954/tools/bin/../lib/gcc/arm-none-eabi/10.3.1/../../../../arm-none-eabi/lib/thumb/v7e-m+fp/hard/libc_nano.a(lib_a-stdio.o)
                0x000000000800d742                __sclose
 *fill*         0x000000000800d74a        0x2 
 .text._write_r
                0x000000000800d74c       0x24 /opt/st/stm32cubeide_1.11.0/plugins/com.st.stm32cube.ide.mcu.externaltools.gnu-tools-for-stm32.10.3-2021.10.linux64_1.0.100.202210260954/tools/bin/../lib/gcc/arm-none-eabi/10.3.1/../../../../arm-none-eabi/lib/thumb/v7e-m+fp/hard/libc_nano.a(lib_a-writer.o)
                0x000000000800d74c                _write_r
 .text._close_r
                0x000000000800d770       0x20 /opt/st/stm32cubeide_1.11.0/plugins/com.st.stm32cube.ide.mcu.externaltools.gnu-tools-for-stm32.10.3-2021.10.linux64_1.0.100.202210260954/tools/bin/../lib/gcc/arm-none-eabi/10.3.1/../../../../arm-none-eabi/lib/thumb/v7e-m+fp/hard/libc_nano.a(lib_a-closer.o)
                0x000000000800d770                _close_r
 .text._fstat_r
                0x000000000800d790       0x24 /opt/st/stm32cubeide_1.11.0/plugins/com.st.stm32cube.ide.mcu.externaltools.gnu-tools-for-stm32.10.3-2021.10.linux64_1.0.100.202210260954/tools/bin/../lib/gcc/arm-none-eabi/10.3.1/../../../../arm-none-eabi/lib/thumb/v7e-m+fp/hard/libc_nano.a(lib_a-fstatr.o)
                0x000000000800d790                _fstat_r
 .text._isatty_r
                0x000000000800d7b4       0x20 /opt/st/stm32cubeide_1.11.0/plugins/com.st.stm32cube.ide.mcu.externaltools.gnu-tools-for-stm32.10.3-2021.10.linux64_1.0.100.202210260954/tools/bin/../lib/gcc/arm-none-eabi/10.3.1/../../../../arm-none-eabi/lib/thumb/v7e-m+fp/hard/libc_nano.a(lib_a-isattyr.o)
                0x000000000800d7b4                _isatty_r
 .text._lseek_r
                0x000000000800d7d4       0x24 /opt/st/stm32cubeide_1.11.0/plugins/com.st.stm32cube.ide.mcu.externaltools.gnu-tools-for-stm32.10.3-2021.10.linux64_1.0.100.202210260954/tools/bin/../lib/gcc/arm-none-eabi/10.3.1/../../../../arm-none-eabi/lib/thumb/v7e-m+fp/hard/libc_nano.a(lib_a-lseekr.o)
                0x000000000800d7d4                _lseek_r
 .text._read_r  0x000000000800d7f8       0x24 /opt/st/stm32cubeide_1.11.0/plugins/com.st.stm32cube.ide.mcu.externaltools.gnu-tools-for-stm32.10.3-2021.10.linux64_1.0.100.202210260954/tools/bin/../lib/gcc/arm-none-eabi/10.3.1/../../../../arm-none-eabi/lib/thumb/v7e-m+fp/hard/libc_nano.a(lib_a-readr.o)
                0x000000000800d7f8                _read_r
 *(.glue_7)
 .glue_7        0x000000000800d81c        0x0 linker stubs
 *(.glue_7t)
 .glue_7t       0x000000000800d81c        0x0 linker stubs
 *(.eh_frame)
 .eh_frame      0x000000000800d81c        0x0 /opt/st/stm32cubeide_1.11.0/plugins/com.st.stm32cube.ide.mcu.externaltools.gnu-tools-for-stm32.10.3-2021.10.linux64_1.0.100.202210260954/tools/bin/../lib/gcc/arm-none-eabi/10.3.1/thumb/v7e-m+fp/hard/crtbegin.o
 *(.init)
 .init          0x000000000800d81c        0x4 /opt/st/stm32cubeide_1.11.0/plugins/com.st.stm32cube.ide.mcu.externaltools.gnu-tools-for-stm32.10.3-2021.10.linux64_1.0.100.202210260954/tools/bin/../lib/gcc/arm-none-eabi/10.3.1/thumb/v7e-m+fp/hard/crti.o
                0x000000000800d81c                _init
 .init          0x000000000800d820        0x8 /opt/st/stm32cubeide_1.11.0/plugins/com.st.stm32cube.ide.mcu.externaltools.gnu-tools-for-stm32.10.3-2021.10.linux64_1.0.100.202210260954/tools/bin/../lib/gcc/arm-none-eabi/10.3.1/thumb/v7e-m+fp/hard/crtn.o
 *(.fini)
 .fini          0x000000000800d828        0x4 /opt/st/stm32cubeide_1.11.0/plugins/com.st.stm32cube.ide.mcu.externaltools.gnu-tools-for-stm32.10.3-2021.10.linux64_1.0.100.202210260954/tools/bin/../lib/gcc/arm-none-eabi/10.3.1/thumb/v7e-m+fp/hard/crti.o
                0x000000000800d828                _fini
 .fini          0x000000000800d82c        0x8 /opt/st/stm32cubeide_1.11.0/plugins/com.st.stm32cube.ide.mcu.externaltools.gnu-tools-for-stm32.10.3-2021.10.linux64_1.0.100.202210260954/tools/bin/../lib/gcc/arm-none-eabi/10.3.1/thumb/v7e-m+fp/hard/crtn.o
                0x000000000800d834                . = ALIGN (0x4)
                0x000000000800d834                _etext = .

.vfp11_veneer   0x000000000800d834        0x0
 .vfp11_veneer  0x000000000800d834        0x0 linker stubs

.v4_bx          0x000000000800d834        0x0
 .v4_bx         0x000000000800d834        0x0 linker stubs

.iplt           0x000000000800d834        0x0
 .iplt          0x000000000800d834        0x0 /opt/st/stm32cubeide_1.11.0/plugins/com.st.stm32cube.ide.mcu.externaltools.gnu-tools-for-stm32.10.3-2021.10.linux64_1.0.100.202210260954/tools/bin/../lib/gcc/arm-none-eabi/10.3.1/thumb/v7e-m+fp/hard/crtbegin.o

.rodata         0x000000000800d838      0xc44
                0x000000000800d838                . = ALIGN (0x4)
 *(.rodata)
 .rodata        0x000000000800d838       0x3f ./Core/Src/main.o
 *fill*         0x000000000800d877        0x1 
 .rodata        0x000000000800d878      0x106 ./Core/Src/ssh1306_tests.o
 *fill*         0x000000000800d97e        0x2 
 .rodata        0x000000000800d980        0x5 ./FreeRTOS/tasks.o
 *fill*         0x000000000800d985        0x3 
 .rodata        0x000000000800d988        0xd ./FreeRTOS/timers.o
 *(.rodata*)
 *fill*         0x000000000800d995        0x3 
 .rodata.bt_cmd_table
                0x000000000800d998       0x28 ./Core/Src/main.o
 .rodata.Font6x8
                0x000000000800d9c0      0x5f0 ./Core/Src/ssd1306_fonts.o
 .rodata.Font_6x8
                0x000000000800dfb0        0xc ./Core/Src/ssd1306_fonts.o