../Core/Src/main.c:95:6:microDelay	16	static
../Core/Src/main.c:101:9:DHT11_Start	32	static
../Core/Src/main.c:131:9:DHT11_Read	16	static
../Core/Src/main.c:157:5:check_dht11	32	static
../Core/Src/main.c:175:6:test	16	static
../Core/Src/main.c:187:6:change_speed	4	static
../Core/Src/main.c:198:6:OLED_task	32	static
../Core/Src/main.c:208:6:DHT11_task	16	static
../Core/Src/main.c:227:6:turn_on_PWM	8	static
../Core/Src/main.c:233:6:turn_off_PWM	8	static
../Core/Src/main.c:240:6:IR_Init	16	static
../Core/Src/main.c:251:6:FanControl_task	8	static
../Core/Src/main.c:271:5:main	16	static
../Core/Src/main.c:354:6:SystemClock_Config	88	static
../Core/Src/main.c:401:13:MX_I2C1_Init	8	static
../Core/Src/main.c:435:13:MX_TIM1_Init	32	static
../Core/Src/main.c:481:13:MX_TIM2_Init	64	static
../Core/Src/main.c:540:13:MX_USART3_UART_Init	8	static
../Core/Src/main.c:573:13:MX_GPIO_Init	48	static
../Core/Src/main.c:629:6:HAL_UART_RxCpltCallback	16	static
../Core/Src/main.c:646:6:HAL_TIM_PeriodElapsedCallback	16	static
../Core/Src/main.c:663:6:Error_Handler	4	static,ignoring_inline_asm
