../Core/Src/main.c:116:6:microDelay	16	static
../Core/Src/main.c:122:9:DHT11_Start	32	static
../Core/Src/main.c:152:9:DHT11_Read	16	static
../Core/Src/main.c:178:5:check_dht11	32	static
../Core/Src/main.c:196:6:test	16	static
../Core/Src/main.c:208:6:change_speed	4	static
../Core/Src/main.c:218:6:OLED_task	40	static
../Core/Src/main.c:229:6:DHT11_task	32	static
../Core/Src/main.c:247:6:turn_on_PWM	8	static
../Core/Src/main.c:253:6:turn_off_PWM	8	static
../Core/Src/main.c:260:6:IR_Init	16	static
../Core/Src/main.c:271:6:FanControl_task	16	static
../Core/Src/main.c:291:5:main	16	static
../Core/Src/main.c:374:6:SystemClock_Config	88	static
../Core/Src/main.c:421:13:MX_I2C1_Init	8	static
../Core/Src/main.c:455:13:MX_TIM1_Init	32	static
../Core/Src/main.c:501:13:MX_TIM2_Init	64	static
../Core/Src/main.c:560:13:MX_USART3_UART_Init	8	static
../Core/Src/main.c:593:13:MX_GPIO_Init	48	static
../Core/Src/main.c:649:6:HAL_UART_RxCpltCallback	16	static
../Core/Src/main.c:666:6:HAL_TIM_PeriodElapsedCallback	16	static
../Core/Src/main.c:683:6:Error_Handler	4	static,ignoring_inline_asm
