../Core/Src/main.c:139:13:bt_set_fan_state	16	static
../Core/Src/main.c:147:6:bt_handler_on	16	static
../Core/Src/main.c:151:6:bt_handler_off	16	static
../Core/Src/main.c:155:6:bt_handler_low	16	static
../Core/Src/main.c:159:6:bt_handler_mid	16	static
../Core/Src/main.c:163:6:bt_handler_high	16	static
../Core/Src/main.c:168:6:microDelay	16	static
../Core/Src/main.c:174:9:DHT11_Start	32	static
../Core/Src/main.c:204:9:DHT11_Read	16	static
../Core/Src/main.c:230:5:check_dht11	32	static
../Core/Src/main.c:248:6:test	16	static
../Core/Src/main.c:261:6:OLED_task	48	static
../Core/Src/main.c:284:6:DHT11_task	32	static
../Core/Src/main.c:307:6:turn_on_PWM	16	static
../Core/Src/main.c:313:6:turn_off_PWM	8	static
../Core/Src/main.c:320:6:IR_Init	16	static
../Core/Src/main.c:331:9:IR_read_reg	4	static
../Core/Src/main.c:335:6:change_fan_state	16	static
../Core/Src/main.c:355:6:FanControl_task	24	static
../Core/Src/main.c:383:6:BtRecieve_task	32	static
../Core/Src/main.c:411:5:main	16	static
../Core/Src/main.c:504:6:SystemClock_Config	88	static
../Core/Src/main.c:551:13:MX_I2C1_Init	8	static
../Core/Src/main.c:585:13:MX_TIM1_Init	32	static
../Core/Src/main.c:631:13:MX_TIM2_Init	64	static
../Core/Src/main.c:690:13:MX_USART3_UART_Init	8	static
../Core/Src/main.c:723:13:MX_GPIO_Init	48	static
../Core/Src/main.c:779:6:HAL_UART_RxCpltCallback	24	static,ignoring_inline_asm
../Core/Src/main.c:805:6:HAL_TIM_PeriodElapsedCallback	16	static
../Core/Src/main.c:822:6:Error_Handler	4	static,ignoring_inline_asm
