../Core/Src/main.c:142:13:bt_set_fan_state	16	static
../Core/Src/main.c:150:6:bt_handler_on	16	static
../Core/Src/main.c:154:6:bt_handler_off	16	static
../Core/Src/main.c:158:6:bt_handler_low	16	static
../Core/Src/main.c:162:6:bt_handler_mid	16	static
../Core/Src/main.c:166:6:bt_handler_high	16	static
../Core/Src/main.c:171:6:microDelay	16	static
../Core/Src/main.c:177:9:DHT11_Start	32	static
../Core/Src/main.c:207:9:DHT11_Read	16	static
../Core/Src/main.c:233:5:check_dht11	32	static
../Core/Src/main.c:251:6:test	16	static
../Core/Src/main.c:264:6:OLED_task	48	static
../Core/Src/main.c:287:6:DHT11_task	32	static
../Core/Src/main.c:310:6:turn_on_PWM	16	static
../Core/Src/main.c:316:6:turn_off_PWM	8	static
../Core/Src/main.c:323:6:IR_Init	16	static
../Core/Src/main.c:334:9:IR_read_reg	4	static
../Core/Src/main.c:338:6:change_fan_state	16	static
../Core/Src/main.c:358:6:FanControl_task	24	static
../Core/Src/main.c:386:6:bt_process_string	24	static
../Core/Src/main.c:398:6:BtRecieve_task	48	static
../Core/Src/main.c:429:5:main	16	static
../Core/Src/main.c:522:6:SystemClock_Config	88	static
../Core/Src/main.c:569:13:MX_I2C1_Init	8	static
../Core/Src/main.c:603:13:MX_TIM1_Init	32	static
../Core/Src/main.c:649:13:MX_TIM2_Init	64	static
../Core/Src/main.c:708:13:MX_USART3_UART_Init	8	static
../Core/Src/main.c:741:13:MX_GPIO_Init	48	static
../Core/Src/main.c:797:6:HAL_UART_RxCpltCallback	24	static,ignoring_inline_asm
../Core/Src/main.c:823:6:HAL_TIM_PeriodElapsedCallback	16	static
../Core/Src/main.c:840:6:Error_Handler	4	static,ignoring_inline_asm
