../Core/Src/main.c:143:6:bt_handler_on	4	static
../Core/Src/main.c:149:6:bt_handler_off	4	static
../Core/Src/main.c:154:6:bt_handler_low	4	static
../Core/Src/main.c:160:6:bt_handler_mid	4	static
../Core/Src/main.c:166:6:bt_handler_high	4	static
../Core/Src/main.c:173:6:microDelay	16	static
../Core/Src/main.c:179:9:DHT11_Start	32	static
../Core/Src/main.c:209:9:DHT11_Read	16	static
../Core/Src/main.c:235:5:check_dht11	32	static
../Core/Src/main.c:253:6:test	16	static
../Core/Src/main.c:265:6:change_speed	4	static
../Core/Src/main.c:275:6:OLED_task	40	static
../Core/Src/main.c:286:6:DHT11_task	32	static
../Core/Src/main.c:304:6:turn_on_PWM	8	static
../Core/Src/main.c:310:6:turn_off_PWM	8	static
../Core/Src/main.c:317:6:IR_Init	16	static
../Core/Src/main.c:328:9:IR_read_reg	4	static
../Core/Src/main.c:332:6:FanControl_task	16	static
../Core/Src/main.c:352:6:BtRecieve_task	24	static
../Core/Src/main.c:375:5:main	16	static
../Core/Src/main.c:466:6:SystemClock_Config	88	static
../Core/Src/main.c:513:13:MX_I2C1_Init	8	static
../Core/Src/main.c:547:13:MX_TIM1_Init	32	static
../Core/Src/main.c:593:13:MX_TIM2_Init	64	static
../Core/Src/main.c:652:13:MX_USART3_UART_Init	8	static
../Core/Src/main.c:685:13:MX_GPIO_Init	48	static
../Core/Src/main.c:741:6:HAL_UART_RxCpltCallback	24	static,ignoring_inline_asm
../Core/Src/main.c:766:6:HAL_TIM_PeriodElapsedCallback	16	static
../Core/Src/main.c:783:6:Error_Handler	4	static,ignoring_inline_asm
