../Core/Src/main.c:135:6:bt_set_fan_state	16	static
../Core/Src/main.c:147:1:bt_handler_on	16	static
../Core/Src/main.c:148:1:bt_handler_off	16	static
../Core/Src/main.c:149:1:bt_handler_low	16	static
../Core/Src/main.c:150:1:bt_handler_mid	16	static
../Core/Src/main.c:151:1:bt_handler_high	16	static
../Core/Src/main.c:153:6:bt_handler_set_pwm	24	static
../Core/Src/main.c:170:6:microDelay	16	static
../Core/Src/main.c:176:9:DHT11_Start	32	static
../Core/Src/main.c:206:9:DHT11_Read	16	static
../Core/Src/main.c:232:5:check_dht11	32	static
../Core/Src/main.c:250:6:test	16	static
../Core/Src/main.c:263:6:OLED_task	48	static
../Core/Src/main.c:286:6:DHT11_task	32	static
../Core/Src/main.c:309:6:turn_on_PWM	16	static
../Core/Src/main.c:315:6:turn_off_PWM	8	static
../Core/Src/main.c:322:6:IR_Init	16	static
../Core/Src/main.c:333:9:IR_read_reg	4	static
../Core/Src/main.c:337:6:change_fan_state	16	static
../Core/Src/main.c:357:6:FanControl_task	24	static
../Core/Src/main.c:385:5:s_to_int	24	static
../Core/Src/main.c:396:6:bt_process_string	48	static
../Core/Src/main.c:446:6:BtRecieve_task	48	static
../Core/Src/main.c:477:5:main	16	static
../Core/Src/main.c:570:6:SystemClock_Config	88	static
../Core/Src/main.c:617:13:MX_I2C1_Init	8	static
../Core/Src/main.c:651:13:MX_TIM1_Init	32	static
../Core/Src/main.c:697:13:MX_TIM2_Init	64	static
../Core/Src/main.c:756:13:MX_USART3_UART_Init	8	static
../Core/Src/main.c:789:13:MX_GPIO_Init	48	static
../Core/Src/main.c:845:6:HAL_UART_RxCpltCallback	24	static,ignoring_inline_asm
../Core/Src/main.c:871:6:HAL_TIM_PeriodElapsedCallback	16	static
../Core/Src/main.c:888:6:Error_Handler	4	static,ignoring_inline_asm
