../Core/Src/main.c:144:6:bt_handler_on	4	static
../Core/Src/main.c:150:6:bt_handler_off	4	static
../Core/Src/main.c:155:6:bt_handler_low	4	static
../Core/Src/main.c:161:6:bt_handler_mid	4	static
../Core/Src/main.c:167:6:bt_handler_high	4	static
../Core/Src/main.c:174:6:microDelay	16	static
../Core/Src/main.c:180:9:DHT11_Start	32	static
../Core/Src/main.c:210:9:DHT11_Read	16	static
../Core/Src/main.c:236:5:check_dht11	32	static
../Core/Src/main.c:254:6:test	16	static
../Core/Src/main.c:266:6:change_speed	4	static
../Core/Src/main.c:276:6:OLED_task	40	static
../Core/Src/main.c:287:6:DHT11_task	32	static
../Core/Src/main.c:305:6:turn_on_PWM	8	static
../Core/Src/main.c:311:6:turn_off_PWM	8	static
../Core/Src/main.c:318:6:IR_Init	16	static
../Core/Src/main.c:329:9:IR_read_reg	4	static
../Core/Src/main.c:333:6:FanControl_task	16	static
../Core/Src/main.c:358:6:BtRecieve_task	24	static
../Core/Src/main.c:383:5:main	16	static
../Core/Src/main.c:475:6:SystemClock_Config	88	static
../Core/Src/main.c:522:13:MX_I2C1_Init	8	static
../Core/Src/main.c:556:13:MX_TIM1_Init	32	static
../Core/Src/main.c:602:13:MX_TIM2_Init	64	static
../Core/Src/main.c:661:13:MX_USART3_UART_Init	8	static
../Core/Src/main.c:694:13:MX_GPIO_Init	48	static
../Core/Src/main.c:750:6:HAL_UART_RxCpltCallback	24	static,ignoring_inline_asm
../Core/Src/main.c:776:6:HAL_TIM_PeriodElapsedCallback	16	static
../Core/Src/main.c:793:6:Error_Handler	4	static,ignoring_inline_asm
