../Core/Src/ssh1306_tests.c:113:6:ssd1306_TestBorder	16	static
../Core/Src/ssh1306_tests.c:139:6:ssd1306_TestFonts1	24	static
../Core/Src/ssh1306_tests.c:172:6:ssd1306_TestFonts2	32	static
../Core/Src/ssh1306_tests.c:197:6:ssd1306_TestFonts3	16	static
../Core/Src/ssh1306_tests.c:219:6:ssd1306_print	88	static
../Core/Src/ssh1306_tests.c:244:6:ssd1306_TestFPS	120	static
../Core/Src/ssh1306_tests.c:282:6:ssd1306_TestLine	16	static
../Core/Src/ssh1306_tests.c:290:6:ssd1306_TestRectangle	32	static
../Core/Src/ssh1306_tests.c:300:6:ssd1306_TestRectangleFill	16	static
../Core/Src/ssh1306_tests.c:308:6:ssd1306_TestRectangleInvert	16	static
../Core/Src/ssh1306_tests.c:332:6:ssd1306_TestCircle	16	static
../Core/Src/ssh1306_tests.c:347:6:ssd1306_TestArc	16	static
../Core/Src/ssh1306_tests.c:354:6:ssd1306_TestPolyline	32	static
../Core/Src/ssh1306_tests.c:371:6:ssd1306_TestDrawBitmap	16	static
../Core/Src/ssh1306_tests.c:386:6:ssd1306_TestAll	8	static
