../Core/Src/ssh1306_tests.c:113:6:ssd1306_TestBorder	16	static
../Core/Src/ssh1306_tests.c:139:6:ssd1306_TestFonts1	24	static
../Core/Src/ssh1306_tests.c:172:6:ssd1306_TestFonts2	32	static
../Core/Src/ssh1306_tests.c:197:6:ssd1306_TestFonts3	16	static
../Core/Src/ssh1306_tests.c:219:6:ssd1306_print	40	static
../Core/Src/ssh1306_tests.c:247:6:screen_test	24	static
../Core/Src/ssh1306_tests.c:255:6:ssd1306_TestFPS	120	static
../Core/Src/ssh1306_tests.c:293:6:ssd1306_TestLine	16	static
../Core/Src/ssh1306_tests.c:301:6:ssd1306_TestRectangle	32	static
../Core/Src/ssh1306_tests.c:311:6:ssd1306_TestRectangleFill	16	static
../Core/Src/ssh1306_tests.c:319:6:ssd1306_TestRectangleInvert	16	static
../Core/Src/ssh1306_tests.c:343:6:ssd1306_TestCircle	16	static
../Core/Src/ssh1306_tests.c:358:6:ssd1306_TestArc	16	static
../Core/Src/ssh1306_tests.c:365:6:ssd1306_TestPolyline	32	static
../Core/Src/ssh1306_tests.c:382:6:ssd1306_TestDrawBitmap	16	static
../Core/Src/ssh1306_tests.c:397:6:ssd1306_TestAll	8	static
