../Core/Src/ssh1306_tests.c:113:6:ssd1306_TestBorder	16	static
../Core/Src/ssh1306_tests.c:139:6:ssd1306_TestFonts1	24	static
../Core/Src/ssh1306_tests.c:172:6:ssd1306_TestFonts2	32	static
../Core/Src/ssh1306_tests.c:197:6:ssd1306_TestFonts3	16	static
../Core/Src/ssh1306_tests.c:219:6:ssd1306_print	96	static
../Core/Src/ssh1306_tests.c:250:6:screen_test	24	static
../Core/Src/ssh1306_tests.c:258:6:ssd1306_TestFPS	120	static
../Core/Src/ssh1306_tests.c:296:6:ssd1306_TestLine	16	static
../Core/Src/ssh1306_tests.c:304:6:ssd1306_TestRectangle	32	static
../Core/Src/ssh1306_tests.c:314:6:ssd1306_TestRectangleFill	16	static
../Core/Src/ssh1306_tests.c:322:6:ssd1306_TestRectangleInvert	16	static
../Core/Src/ssh1306_tests.c:346:6:ssd1306_TestCircle	16	static
../Core/Src/ssh1306_tests.c:361:6:ssd1306_TestArc	16	static
../Core/Src/ssh1306_tests.c:368:6:ssd1306_TestPolyline	32	static
../Core/Src/ssh1306_tests.c:385:6:ssd1306_TestDrawBitmap	16	static
../Core/Src/ssh1306_tests.c:400:6:ssd1306_TestAll	8	static
